<html>
<body>
<pre>
<h1>µVision Build Log</h1>
<h2>Tool Versions:</h2>
IDE-Version: ¦ÌVision V5.43.1.0
Copyright (C) 2025 ARM Ltd and ARM Germany GmbH. All rights reserved.
License Information: 1 qingxuan2004@outlook.com, 1, LIC=RC93N-YTP9U-CXDU6-D8H49-FQ860-180NQ
 
Tool Versions:
Toolchain:       MDK-ARM Plus  Version: 5.43.0.0
Toolchain Path:  D:\use_for_learn\C51\ARM\ARMCC\Bin
C Compiler:      Armcc.exe V5.06 update 1 (build 61)
Assembler:       Armasm.exe V5.06 update 1 (build 61)
Linker/Locator:  ArmLink.exe V5.06 update 1 (build 61)
Library Manager: ArmAr.exe V5.06 update 1 (build 61)
Hex Converter:   FromElf.exe V5.06 update 1 (build 61)
CPU DLL:         SARMCM3.DLL V5.43.0.0
Dialog DLL:      DCM.DLL V1.17.5.0
Target DLL:      Segger\JL2CM3.dll V2.99.45.0
Dialog DLL:      TCM.DLL V1.56.6.0
 
<h2>Project:</h2>
D:\STM32project\WHATCANISAY\Auto_Water\MDK-ARM\Auto_Water.uvprojx
Project File Date:  01/04/2026

<h2>Output:</h2>
*** Using Compiler 'V5.06 update 1 (build 61)', folder: 'D:\use_for_learn\C51\ARM\ARMCC\Bin'
Rebuild target 'Auto_Water'
assembling startup_stm32f103xe.s...
compiling dma.c...
compiling spi.c...
compiling stm32f1xx_hal.c...
compiling stm32f1xx_it.c...
compiling stm32f1xx_hal_rcc.c...
compiling stm32f1xx_hal_timebase_tim.c...
compiling gpio.c...
compiling main.c...
compiling tim.c...
compiling stm32f1xx_hal_tim.c...
compiling stm32f1xx_hal_rcc_ex.c...
compiling croutine.c...
compiling stm32f1xx_hal_gpio_ex.c...
compiling event_groups.c...
compiling stm32f1xx_hal_tim_ex.c...
compiling list.c...
compiling usart.c...
compiling stm32f1xx_hal_msp.c...
compiling stream_buffer.c...
compiling queue.c...
compiling timers.c...
compiling tasks.c...
compiling heap_4.c...
compiling app_comm.c...
compiling freertos.c...
compiling app_state.c...
compiling port.c...
compiling ctrl_auto.c...
compiling ctrl_speed.c...
compiling stm32f1xx_hal_flash_ex.c...
compiling stm32f1xx_hal_flash.c...
compiling stm32f1xx_hal_cortex.c...
compiling stm32f1xx_hal_spi.c...
compiling stm32f1xx_hal_pwr.c...
compiling stm32f1xx_hal_gpio.c...
compiling stm32f1xx_hal_exti.c...
compiling stm32f1xx_hal_dma.c...
compiling system_stm32f1xx.c...
compiling stm32f1xx_hal_uart.c...
compiling ctrl_logic.c...
compiling app_diaplay.c...
compiling ctrl_manual.c...
compiling cmsis_os2.c...
compiling ctrl_output.c...
compiling measure_weight.c...
compiling bsp_key.c...
compiling bsp_display.c...
compiling bsp_output.c...
compiling bsp_rs485.c...
compiling bsp_tm7705.c...
linking...
Program Size: Code=18398 RO-data=938 RW-data=148 ZI-data=4100  
FromELF: creating hex file...
"Auto_Water\Auto_Water.axf" - 0 Error(s), 0 Warning(s).

<h2>Software Packages used:</h2>

Package Vendor: ARM
                https://www.keil.com/pack/ARM.CMSIS.6.2.0.pack
                ARM::CMSIS@6.2.0
                CMSIS (Common Microcontroller Software Interface Standard)
   * Component: CORE Version: 6.1.1

Package Vendor: Keil
                https://www.keil.com/pack/Keil.STM32F1xx_DFP.2.4.1.pack
                Keil::STM32F1xx_DFP@2.4.1
                STMicroelectronics STM32F1 Series Device Support, Drivers and Examples

<h2>Collection of Component include folders:</h2>
  ./RTE/_Auto_Water
  D:/use_for_learn/ARM/PACK/ARM/CMSIS/6.2.0/CMSIS/Core/Include
  D:/use_for_learn/ARM/PACK/Keil/STM32F1xx_DFP/2.4.1/Device/Include

<h2>Collection of Component Files used:</h2>

   * Component: ARM::CMSIS:CORE@6.1.1
      Include file:  CMSIS/Core/Include/tz_context.h
Build Time Elapsed:  00:00:13
</pre>
</body>
</html>
