Component: ARM Compiler 5.06 update 1 (build 61) Tool: armlink [4d35a8]

==============================================================================

Section Cross References

    startup_stm32f103xe.o(STACK) refers (Special) to heapauxi.o(.text) for __use_two_region_memory
    startup_stm32f103xe.o(HEAP) refers (Special) to heapauxi.o(.text) for __use_two_region_memory
    startup_stm32f103xe.o(RESET) refers (Special) to heapauxi.o(.text) for __use_two_region_memory
    startup_stm32f103xe.o(RESET) refers to startup_stm32f103xe.o(STACK) for __initial_sp
    startup_stm32f103xe.o(RESET) refers to startup_stm32f103xe.o(.text) for Reset_Handler
    startup_stm32f103xe.o(RESET) refers to stm32f1xx_it.o(i.NMI_Handler) for NMI_Handler
    startup_stm32f103xe.o(RESET) refers to stm32f1xx_it.o(i.HardFault_Handler) for HardFault_Handler
    startup_stm32f103xe.o(RESET) refers to stm32f1xx_it.o(i.MemManage_Handler) for MemManage_Handler
    startup_stm32f103xe.o(RESET) refers to stm32f1xx_it.o(i.BusFault_Handler) for BusFault_Handler
    startup_stm32f103xe.o(RESET) refers to stm32f1xx_it.o(i.UsageFault_Handler) for UsageFault_Handler
    startup_stm32f103xe.o(RESET) refers to port.o(.emb_text) for SVC_Handler
    startup_stm32f103xe.o(RESET) refers to stm32f1xx_it.o(i.DebugMon_Handler) for DebugMon_Handler
    startup_stm32f103xe.o(RESET) refers to cmsis_os2.o(i.SysTick_Handler) for SysTick_Handler
    startup_stm32f103xe.o(RESET) refers to stm32f1xx_it.o(i.DMA1_Channel3_IRQHandler) for DMA1_Channel3_IRQHandler
    startup_stm32f103xe.o(RESET) refers to stm32f1xx_it.o(i.TIM3_IRQHandler) for TIM3_IRQHandler
    startup_stm32f103xe.o(RESET) refers to stm32f1xx_it.o(i.USART3_IRQHandler) for USART3_IRQHandler
    startup_stm32f103xe.o(RESET) refers to stm32f1xx_it.o(i.EXTI15_10_IRQHandler) for EXTI15_10_IRQHandler
    startup_stm32f103xe.o(RESET) refers to stm32f1xx_it.o(i.TIM6_IRQHandler) for TIM6_IRQHandler
    startup_stm32f103xe.o(.text) refers (Special) to heapauxi.o(.text) for __use_two_region_memory
    startup_stm32f103xe.o(.text) refers to system_stm32f1xx.o(i.SystemInit) for SystemInit
    startup_stm32f103xe.o(.text) refers to __main.o(!!!main) for __main
    startup_stm32f103xe.o(.text) refers to startup_stm32f103xe.o(HEAP) for Heap_Mem
    startup_stm32f103xe.o(.text) refers to startup_stm32f103xe.o(STACK) for Stack_Mem
    main.o(i.HAL_GPIO_EXTI_Callback) refers to bsp_tm7705.o(i.TM7705_DrdyIRQ) for TM7705_DrdyIRQ
    main.o(i.HAL_TIM_PeriodElapsedCallback) refers to stm32f1xx_hal.o(i.HAL_IncTick) for HAL_IncTick
    main.o(i.HAL_TIM_PeriodElapsedCallback) refers to app_diaplay.o(i.AppDisplay_ScanISR) for AppDisplay_ScanISR
    main.o(i.HAL_TIM_PeriodElapsedCallback) refers to bsp_key.o(i.Key_ScanTick) for Key_ScanTick
    main.o(i.HAL_TIM_PeriodElapsedCallback) refers to main.o(.data) for .data
    main.o(i.SystemClock_Config) refers to rt_memclr_w.o(.text) for __aeabi_memclr4
    main.o(i.SystemClock_Config) refers to stm32f1xx_hal_rcc.o(i.HAL_RCC_OscConfig) for HAL_RCC_OscConfig
    main.o(i.SystemClock_Config) refers to stm32f1xx_hal_rcc.o(i.HAL_RCC_ClockConfig) for HAL_RCC_ClockConfig
    main.o(i.main) refers to stm32f1xx_hal.o(i.HAL_Init) for HAL_Init
    main.o(i.main) refers to main.o(i.SystemClock_Config) for SystemClock_Config
    main.o(i.main) refers to gpio.o(i.MX_GPIO_Init) for MX_GPIO_Init
    main.o(i.main) refers to dma.o(i.MX_DMA_Init) for MX_DMA_Init
    main.o(i.main) refers to spi.o(i.MX_SPI2_Init) for MX_SPI2_Init
    main.o(i.main) refers to tim.o(i.MX_TIM3_Init) for MX_TIM3_Init
    main.o(i.main) refers to usart.o(i.MX_USART3_UART_Init) for MX_USART3_UART_Init
    main.o(i.main) refers to stm32f1xx_hal_tim.o(i.HAL_TIM_Base_Start_IT) for HAL_TIM_Base_Start_IT
    main.o(i.main) refers to app_diaplay.o(i.AppDisplay_Init) for AppDisplay_Init
    main.o(i.main) refers to app_comm.o(i.AppComm_Init) for AppComm_Init
    main.o(i.main) refers to bsp_tm7705.o(i.TM7705_Init) for TM7705_Init
    main.o(i.main) refers to bsp_rs485.o(i.RS485_Init) for RS485_Init
    main.o(i.main) refers to bsp_output.o(i.Output_Init) for Output_Init
    main.o(i.main) refers to bsp_key.o(i.Key_Init) for Key_Init
    main.o(i.main) refers to measure_weight.o(i.Weight_Init) for Weight_Init
    main.o(i.main) refers to app_state.o(i.SystemState_Init) for SystemState_Init
    main.o(i.main) refers to ctrl_logic.o(i.Control_Run) for Control_Run
    main.o(i.main) refers to fflt_clz.o(x$fpl$ffltu) for __aeabi_ui2f
    main.o(i.main) refers to app_diaplay.o(i.AppDisplay_SetValues) for AppDisplay_SetValues
    main.o(i.main) refers to app_comm.o(i.AppComm_Poll) for AppComm_Poll
    main.o(i.main) refers to tim.o(.bss) for htim3
    main.o(i.main) refers to app_state.o(.data) for g_sys
    gpio.o(i.MX_GPIO_Init) refers to stm32f1xx_hal_gpio.o(i.HAL_GPIO_WritePin) for HAL_GPIO_WritePin
    gpio.o(i.MX_GPIO_Init) refers to stm32f1xx_hal_gpio.o(i.HAL_GPIO_Init) for HAL_GPIO_Init
[...]
    i.Weight_TareNow                         0x080035d4   Section        0  measure_weight.o(i.Weight_TareNow)
    i.Weight_UpdateFromTM7705                0x080035e0   Section        0  measure_weight.o(i.Weight_UpdateFromTM7705)
    i.__ARM_fpclassifyf                      0x0800362c   Section        0  fpclassifyf.o(i.__ARM_fpclassifyf)
    i.__NVIC_SetPriority                     0x08003652   Section        0  stm32f1xx_hal_cortex.o(i.__NVIC_SetPriority)
    __NVIC_SetPriority                       0x08003653   Thumb Code    32  stm32f1xx_hal_cortex.o(i.__NVIC_SetPriority)
    i.__mathlib_flt_divzero                  0x08003672   Section        0  funder.o(i.__mathlib_flt_divzero)
    i.__mathlib_flt_infnan2                  0x0800367c   Section        0  funder.o(i.__mathlib_flt_infnan2)
    i.__mathlib_flt_invalid                  0x08003680   Section        0  funder.o(i.__mathlib_flt_invalid)
    i.__mathlib_flt_overflow                 0x08003688   Section        0  funder.o(i.__mathlib_flt_overflow)
    i.__mathlib_flt_underflow                0x08003692   Section        0  funder.o(i.__mathlib_flt_underflow)
    i.acc_drop                               0x0800369c   Section        0  app_comm.o(i.acc_drop)
    acc_drop                                 0x0800369d   Thumb Code    34  app_comm.o(i.acc_drop)
    i.clamp_set_value                        0x080036c8   Section        0  ctrl_logic.o(i.clamp_set_value)
    i.code_to_abs_kg                         0x080036dc   Section        0  measure_weight.o(i.code_to_abs_kg)
    code_to_abs_kg                           0x080036dd   Thumb Code    84  measure_weight.o(i.code_to_abs_kg)
    i.crc16_modbus                           0x08003738   Section        0  app_comm.o(i.crc16_modbus)
    crc16_modbus                             0x08003739   Thumb Code    52  app_comm.o(i.crc16_modbus)
    i.drdy_is_low                            0x0800376c   Section        0  bsp_tm7705.o(i.drdy_is_low)
    drdy_is_low                              0x0800376d   Thumb Code    22  bsp_tm7705.o(i.drdy_is_low)
    i.is_system_running                      0x08003788   Section        0  ctrl_logic.o(i.is_system_running)
    i.main                                   0x080037a8   Section        0  main.o(i.main)
    i.powf                                   0x0800380c   Section        0  powf.o(i.powf)
    i.prvResetNextTaskUnblockTime            0x08003e2c   Section        0  tasks.o(i.prvResetNextTaskUnblockTime)
    prvResetNextTaskUnblockTime              0x08003e2d   Thumb Code    26  tasks.o(i.prvResetNextTaskUnblockTime)
    i.rb_push                                0x08003e4c   Section        0  bsp_rs485.o(i.rb_push)
    rb_push                                  0x08003e4d   Thumb Code    40  bsp_rs485.o(i.rb_push)
    i.rs485_rx_check_dma_and_push            0x08003e7c   Section        0  bsp_rs485.o(i.rs485_rx_check_dma_and_push)
    rs485_rx_check_dma_and_push              0x08003e7d   Thumb Code    74  bsp_rs485.o(i.rs485_rx_check_dma_and_push)
    i.send_with_crc                          0x08003ed4   Section        0  app_comm.o(i.send_with_crc)
    send_with_crc                            0x08003ed5   Thumb Code    58  app_comm.o(i.send_with_crc)
    i.slow_avg                               0x08003f10   Section        0  measure_weight.o(i.slow_avg)
    slow_avg                                 0x08003f11   Thumb Code    74  measure_weight.o(i.slow_avg)
    i.spi_txrx                               0x08003f64   Section        0  bsp_tm7705.o(i.spi_txrx)
    spi_txrx                                 0x08003f65   Thumb Code    32  bsp_tm7705.o(i.spi_txrx)
    i.uxListRemove                           0x08003f88   Section        0  list.o(i.uxListRemove)
    i.vListInsertEnd                         0x08003fae   Section        0  list.o(i.vListInsertEnd)
    i.vTaskSwitchContext                     0x08003fc8   Section        0  tasks.o(i.vTaskSwitchContext)
    i.xPortSysTickHandler                    0x0800402c   Section        0  port.o(i.xPortSysTickHandler)
    i.xTaskGetSchedulerState                 0x08004058   Section        0  tasks.o(i.xTaskGetSchedulerState)
    i.xTaskIncrementTick                     0x08004074   Section        0  tasks.o(i.xTaskIncrementTick)
    x$fpl$fadd                               0x0800413c   Section      196  faddsub_clz.o(x$fpl$fadd)
    _fadd1                                   0x0800414b   Thumb Code     0  faddsub_clz.o(x$fpl$fadd)
    x$fpl$fcheck1                            0x08004200   Section       12  fcheck1.o(x$fpl$fcheck1)
    x$fpl$fcmpinf                            0x0800420c   Section       24  fcmpi.o(x$fpl$fcmpinf)
    x$fpl$fdiv                               0x08004224   Section      388  fdiv.o(x$fpl$fdiv)
    _fdiv1                                   0x08004225   Thumb Code     0  fdiv.o(x$fpl$fdiv)
    x$fpl$ffix                               0x080043a8   Section       54  ffix.o(x$fpl$ffix)
    x$fpl$ffixr                              0x080043e0   Section       82  ffix.o(x$fpl$ffixr)
    x$fpl$ffixu                              0x08004434   Section       62  ffixu.o(x$fpl$ffixu)
    x$fpl$fflt                               0x08004474   Section       48  fflt_clz.o(x$fpl$fflt)
    x$fpl$ffltu                              0x080044a4   Section       38  fflt_clz.o(x$fpl$ffltu)
    x$fpl$fleqf                              0x080044cc   Section      104  fleqf.o(x$fpl$fleqf)
    x$fpl$fmul                               0x08004534   Section      258  fmul.o(x$fpl$fmul)
    x$fpl$fnaninf                            0x08004636   Section      140  fnaninf.o(x$fpl$fnaninf)
    x$fpl$fretinf                            0x080046c2   Section       10  fretinf.o(x$fpl$fretinf)
    x$fpl$frleqf                             0x080046cc   Section       98  frleqf.o(x$fpl$frleqf)
    x$fpl$frsb                               0x0800472e   Section       20  faddsub_clz.o(x$fpl$frsb)
    x$fpl$fsub                               0x08004744   Section      234  faddsub_clz.o(x$fpl$fsub)
    _fsub1                                   0x08004753   Thumb Code     0  faddsub_clz.o(x$fpl$fsub)
    x$fpl$retnan                             0x0800482e   Section      100  retnan.o(x$fpl$retnan)
    x$fpl$scalbnf                            0x08004892   Section       76  scalbnf.o(x$fpl$scalbnf)
    x$fpl$trapveneer                         0x080048de   Section       48  trapv.o(x$fpl$trapveneer)
    .constdata                               0x0800490e   Section       18  stm32f1xx_hal_rcc.o(.constdata)
    x$fpl$usenofp                            0x0800490e   Section        0  usenofp.o(x$fpl$usenofp)
    aPredivFactorTable                       0x0800490e   Data           2  stm32f1xx_hal_rcc.o(.constdata)
    aPLLMULFactorTable                       0x08004910   Data          16  stm32f1xx_hal_rcc.o(.constdata)
    .constdata                               0x08004920   Section       16  system_stm32f1xx.o(.constdata)
    .constdata                               0x08004930   Section        8  system_stm32f1xx.o(.constdata)
    .constdata                               0x08004938   Section       10  bsp_display.o(.constdata)
    segLUT                                   0x08004938   Data          10  bsp_display.o(.constdata)
    .constdata                               0x08004944   Section       99  bsp_key.o(.constdata)
    key_map                                  0x08004944   Data          88  bsp_key.o(.constdata)
    key_action                               0x0800499c   Data          11  bsp_key.o(.constdata)
    .constdata                               0x080049a8   Section      128  bsp_output.o(.constdata)
    stateled_map                             0x080049a8   Data          72  bsp_output.o(.constdata)
    output_map                               0x080049f0   Data          56  bsp_output.o(.constdata)
    .constdata                               0x08004a28   Section      320  powf.o(.constdata)
    table                                    0x08004a28   Data         128  powf.o(.constdata)
    powersof2to1over16top                    0x08004aa8   Data          64  powf.o(.constdata)
    powersof2to1over16bot                    0x08004ae8   Data          64  powf.o(.constdata)
    powersof2to1over16all                    0x08004b28   Data          64  powf.o(.constdata)
    .data                                    0x20000000   Section        4  main.o(.data)
    s_blink_div                              0x20000002   Data           2  main.o(.data)
    .data                                    0x20000004   Section       12  stm32f1xx_hal.o(.data)
    .data                                    0x20000010   Section        4  system_stm32f1xx.o(.data)
    .data                                    0x20000014   Section       60  tasks.o(.data)
    uxDeletedTasksWaitingCleanUp             0x20000018   Data           4  tasks.o(.data)
    uxCurrentNumberOfTasks                   0x2000001c   Data           4  tasks.o(.data)
    xTickCount                               0x20000020   Data           4  tasks.o(.data)
    uxTopReadyPriority                       0x20000024   Data           4  tasks.o(.data)
    xSchedulerRunning                        0x20000028   Data           4  tasks.o(.data)
    xPendedTicks                             0x2000002c   Data           4  tasks.o(.data)
    xYieldPending                            0x20000030   Data           4  tasks.o(.data)
    xNumOfOverflows                          0x20000034   Data           4  tasks.o(.data)
    uxTaskNumber                             0x20000038   Data           4  tasks.o(.data)
    xNextTaskUnblockTime                     0x2000003c   Data           4  tasks.o(.data)
    xIdleTaskHandle                          0x20000040   Data           4  tasks.o(.data)
    uxSchedulerSuspended                     0x20000044   Data           4  tasks.o(.data)
    pxDelayedTaskList                        0x20000048   Data           4  tasks.o(.data)
    pxOverflowDelayedTaskList                0x2000004c   Data           4  tasks.o(.data)
    .data                                    0x20000050   Section        2  app_comm.o(.data)
    s_acc_len                                0x20000050   Data           2  app_comm.o(.data)
    .data                                    0x20000052   Section        7  app_diaplay.o(.data)
    disp                                     0x20000052   Data           7  app_diaplay.o(.data)
    .data                                    0x2000005c   Section       28  app_state.o(.data)
    .data                                    0x20000078   Section        2  ctrl_logic.o(.data)
    s_low_level_cnt                          0x20000078   Data           2  ctrl_logic.o(.data)
    .data                                    0x2000007c   Section       12  measure_weight.o(.data)
    s_code_at_0kg                            0x2000007c   Data           2  measure_weight.o(.data)
    s_code_at_100kg                          0x2000007e   Data           2  measure_weight.o(.data)
    idx                                      0x20000080   Data           2  measure_weight.o(.data)
    filled                                   0x20000082   Data           2  measure_weight.o(.data)
    sum                                      0x20000084   Data           4  measure_weight.o(.data)
    .data                                    0x20000088   Section        8  bsp_rs485.o(.data)
    s_frame_flag                             0x20000088   Data           1  bsp_rs485.o(.data)
    s_last_pos                               0x2000008a   Data           2  bsp_rs485.o(.data)
    s_rb_w                                   0x2000008c   Data           2  bsp_rs485.o(.data)
    s_rb_r                                   0x2000008e   Data           2  bsp_rs485.o(.data)
    .data                                    0x20000090   Section        1  bsp_tm7705.o(.data)
    s_drdy_flag                              0x20000090   Data           1  bsp_tm7705.o(.data)
    .bss                                     0x20000094   Section       88  spi.o(.bss)
    .bss                                     0x200000ec   Section       72  tim.o(.bss)
    .bss                                     0x20000134   Section      140  usart.o(.bss)
    .bss                                     0x200001c0   Section       72  stm32f1xx_hal_timebase_tim.o(.bss)
    .bss                                     0x20000208   Section     1220  tasks.o(.bss)
    pxReadyTasksLists                        0x20000208   Data        1120  tasks.o(.bss)
    xDelayedTaskList1                        0x20000668   Data          20  tasks.o(.bss)
    xDelayedTaskList2                        0x2000067c   Data          20  tasks.o(.bss)
    xPendingReadyList                        0x20000690   Data          20  tasks.o(.bss)
    xTasksWaitingTermination                 0x200006a4   Data          20  tasks.o(.bss)
    xSuspendedTaskList                       0x200006b8   Data          20  tasks.o(.bss)
    .bss                                     0x200006cc   Section      256  app_comm.o(.bss)
    s_acc                                    0x200006cc   Data         256  app_comm.o(.bss)
    .bss                                     0x200007cc   Section      144  measure_weight.o(.bss)
    buf                                      0x200007cc   Data         128  measure_weight.o(.bss)
    .bss                                     0x2000085c   Section       88  bsp_key.o(.bss)
    key_states                               0x2000085c   Data          88  bsp_key.o(.bss)
    .bss                                     0x200008b4   Section      384  bsp_rs485.o(.bss)
    s_rx_dma_buf                             0x200008b4   Data         128  bsp_rs485.o(.bss)
    s_rb                                     0x20000934   Data         256  bsp_rs485.o(.bss)
    .bss                                     0x20000a34   Section       96  libspace.o(.bss)
    HEAP                                     0x20000a98   Section      512  startup_stm32f103xe.o(HEAP)
    Heap_Mem                                 0x20000a98   Data         512  startup_stm32f103xe.o(HEAP)
    STACK                                    0x20000c98   Section     1024  startup_stm32f103xe.o(STACK)
    Stack_Mem                                0x20000c98   Data        1024  startup_stm32f103xe.o(STACK)
    __initial_sp                             0x20001098   Data           0  startup_stm32f103xe.o(STACK)

    Global Symbols

    Symbol Name                              Value     Ov Type        Size  Object(Section)

    BuildAttributes$$THM_ISAv4$P$D$K$B$S$PE$A:L22UL41UL21$X:L11$S22US41US21$IEEE1$IW$USESV6$~STKCKD$USESV7$~SHL$OTIME$ROPI$IEEEX$EBA8$UX$STANDARDLIB$REQ8$PRES8$EABIv2 0x00000000   Number         0  anon$$obj.o ABSOLUTE
    __ARM_use_no_argv                        0x00000000   Number         0  main.o ABSOLUTE
    __ARM_exceptions_init                     - Undefined Weak Reference
    __alloca_initialize                       - Undefined Weak Reference
    __arm_preinit_                            - Undefined Weak Reference
    __cpp_initialize__aeabi_                  - Undefined Weak Reference
    __cxa_finalize                            - Undefined Weak Reference
    __rt_locale                               - Undefined Weak Reference
    __sigvec_lookup                           - Undefined Weak Reference
    _atexit_init                              - Undefined Weak Reference
    _call_atexit_fns                          - Undefined Weak Reference
    _clock_init                               - Undefined Weak Reference
    _fp_trap_init                             - Undefined Weak Reference
    _fp_trap_shutdown                         - Undefined Weak Reference
    _get_lc_collate                           - Undefined Weak Reference
    _get_lc_ctype                             - Undefined Weak Reference
    _get_lc_monetary                          - Undefined Weak Reference
    _get_lc_numeric                           - Undefined Weak Reference
    _get_lc_time                              - Undefined Weak Reference
    _getenv_init                              - Undefined Weak Reference
    _handle_redirection                       - Undefined Weak Reference
    _init_alloc                               - Undefined Weak Reference
    _init_user_alloc                          - Undefined Weak Reference
    _initio                                   - Undefined Weak Reference
    _rand_init                                - Undefined Weak Reference
    _signal_finish                            - Undefined Weak Reference
    _signal_init                              - Undefined Weak Reference
    _terminate_alloc                          - Undefined Weak Reference
    _terminate_user_alloc                     - Undefined Weak Reference
    _terminateio                              - Undefined Weak Reference
    __Vectors_Size                           0x00000130   Number         0  startup_stm32f103xe.o ABSOLUTE
    __Vectors                                0x08000000   Data           4  startup_stm32f103xe.o(RESET)
    __Vectors_End                            0x08000130   Data           0  startup_stm32f103xe.o(RESET)
    __main                                   0x08000131   Thumb Code     8  __main.o(!!!main)
    __scatterload                            0x08000139   Thumb Code     0  __scatter.o(!!!scatter)
    __scatterload_rt2                        0x08000139   Thumb Code    44  __scatter.o(!!!scatter)
    __scatterload_rt2_thumb_only             0x08000139   Thumb Code     0  __scatter.o(!!!scatter)
    __scatterload_null                       0x08000147   Thumb Code     0  __scatter.o(!!!scatter)
    __scatterload_copy                       0x0800016d   Thumb Code    26  __scatter_copy.o(!!handler_copy)
    __scatterload_zeroinit                   0x08000189   Thumb Code    28  __scatter_zi.o(!!handler_zi)
    __rt_lib_init                            0x080001a5   Thumb Code     0  libinit.o(.ARM.Collect$$libinit$$00000000)
    __rt_lib_init_alloca_1                   0x080001a7   Thumb Code     0  libinit2.o(.ARM.Collect$$libinit$$0000002E)
    __rt_lib_init_argv_1                     0x080001a7   Thumb Code     0  libinit2.o(.ARM.Collect$$libinit$$0000002C)
    __rt_lib_init_atexit_1                   0x080001a7   Thumb Code     0  libinit2.o(.ARM.Collect$$libinit$$0000001B)
    __rt_lib_init_clock_1                    0x080001a7   Thumb Code     0  libinit2.o(.ARM.Collect$$libinit$$00000021)
    __rt_lib_init_cpp_1                      0x080001a7   Thumb Code     0  libinit2.o(.ARM.Collect$$libinit$$00000032)
    __rt_lib_init_exceptions_1               0x080001a7   Thumb Code     0  libinit2.o(.ARM.Collect$$libinit$$00000030)
    __rt_lib_init_fp_1                       0x080001a7   Thumb Code     0  libinit2.o(.ARM.Collect$$libinit$$00000002)
    __rt_lib_init_fp_trap_1                  0x080001a7   Thumb Code     0  libinit2.o(.ARM.Collect$$libinit$$0000001F)
    __rt_lib_init_getenv_1                   0x080001a7   Thumb Code     0  libinit2.o(.ARM.Collect$$libinit$$00000023)
    __rt_lib_init_heap_1                     0x080001a7   Thumb Code     0  libinit2.o(.ARM.Collect$$libinit$$0000000A)
    __rt_lib_init_lc_collate_1               0x080001a7   Thumb Code     0  libinit2.o(.ARM.Collect$$libinit$$00000011)
    __rt_lib_init_lc_ctype_1                 0x080001a7   Thumb Code     0  libinit2.o(.ARM.Collect$$libinit$$00000013)
    __rt_lib_init_lc_monetary_1              0x080001a7   Thumb Code     0  libinit2.o(.ARM.Collect$$libinit$$00000015)
    __rt_lib_init_lc_numeric_1               0x080001a7   Thumb Code     0  libinit2.o(.ARM.Collect$$libinit$$00000017)
    __rt_lib_init_lc_time_1                  0x080001a7   Thumb Code     0  libinit2.o(.ARM.Collect$$libinit$$00000019)
    __rt_lib_init_preinit_1                  0x080001a7   Thumb Code     0  libinit2.o(.ARM.Collect$$libinit$$00000004)
    __rt_lib_init_rand_1                     0x080001a7   Thumb Code     0  libinit2.o(.ARM.Collect$$libinit$$0000000E)
    __rt_lib_init_return                     0x080001a7   Thumb Code     0  libinit2.o(.ARM.Collect$$libinit$$00000033)
    __rt_lib_init_signal_1                   0x080001a7   Thumb Code     0  libinit2.o(.ARM.Collect$$libinit$$0000001D)
    __rt_lib_init_stdio_1                    0x080001a7   Thumb Code     0  libinit2.o(.ARM.Collect$$libinit$$00000025)
    __rt_lib_init_user_alloc_1               0x080001a7   Thumb Code     0  libinit2.o(.ARM.Collect$$libinit$$0000000C)
    __rt_lib_shutdown                        0x080001a9   Thumb Code     0  libshutdown.o(.ARM.Collect$$libshutdown$$00000000)
    __rt_lib_shutdown_cpp_1                  0x080001ab   Thumb Code     0  libshutdown2.o(.ARM.Collect$$libshutdown$$00000002)
    __rt_lib_shutdown_fp_trap_1              0x080001ab   Thumb Code     0  libshutdown2.o(.ARM.Collect$$libshutdown$$00000007)
    __rt_lib_shutdown_heap_1                 0x080001ab   Thumb Code     0  libshutdown2.o(.ARM.Collect$$libshutdown$$0000000F)
    __rt_lib_shutdown_return                 0x080001ab   Thumb Code     0  libshutdown2.o(.ARM.Collect$$libshutdown$$00000010)
    __rt_lib_shutdown_signal_1               0x080001ab   Thumb Code     0  libshutdown2.o(.ARM.Collect$$libshutdown$$0000000A)
    __rt_lib_shutdown_stdio_1                0x080001ab   Thumb Code     0  libshutdown2.o(.ARM.Collect$$libshutdown$$00000004)
    __rt_lib_shutdown_user_alloc_1           0x080001ab   Thumb Code     0  libshutdown2.o(.ARM.Collect$$libshutdown$$0000000C)
    __rt_entry                               0x080001ad   Thumb Code     0  __rtentry.o(.ARM.Collect$$rtentry$$00000000)
    __rt_entry_presh_1                       0x080001ad   Thumb Code     0  __rtentry2.o(.ARM.Collect$$rtentry$$00000002)
    __rt_entry_sh                            0x080001ad   Thumb Code     0  __rtentry4.o(.ARM.Collect$$rtentry$$00000004)
    __rt_entry_li                            0x080001b3   Thumb Code     0  __rtentry2.o(.ARM.Collect$$rtentry$$0000000A)
    __rt_entry_postsh_1                      0x080001b3   Thumb Code     0  __rtentry2.o(.ARM.Collect$$rtentry$$00000009)
    __rt_entry_main                          0x080001b7   Thumb Code     0  __rtentry2.o(.ARM.Collect$$rtentry$$0000000D)
    __rt_entry_postli_1                      0x080001b7   Thumb Code     0  __rtentry2.o(.ARM.Collect$$rtentry$$0000000C)
    __rt_exit                                0x080001bf   Thumb Code     0  rtexit.o(.ARM.Collect$$rtexit$$00000000)
    __rt_exit_ls                             0x080001c1   Thumb Code     0  rtexit2.o(.ARM.Collect$$rtexit$$00000003)
    __rt_exit_prels_1                        0x080001c1   Thumb Code     0  rtexit2.o(.ARM.Collect$$rtexit$$00000002)
    __rt_exit_exit                           0x080001c5   Thumb Code     0  rtexit2.o(.ARM.Collect$$rtexit$$00000004)
    SVC_Handler                              0x080001cd   Thumb Code    32  port.o(.emb_text)
    __asm___6_port_c_39a90d8d__prvStartFirstTask 0x080001f1   Thumb Code    28  port.o(.emb_text)
    PendSV_Handler                           0x08000211   Thumb Code    72  port.o(.emb_text)
    vPortGetIPSR                             0x0800025d   Thumb Code     6  port.o(.emb_text)
    Reset_Handler                            0x08000265   Thumb Code     8  startup_stm32f103xe.o(.text)
    ADC1_2_IRQHandler                        0x0800027f   Thumb Code     0  startup_stm32f103xe.o(.text)
    ADC3_IRQHandler                          0x0800027f   Thumb Code     0  startup_stm32f103xe.o(.text)
    CAN1_RX1_IRQHandler                      0x0800027f   Thumb Code     0  startup_stm32f103xe.o(.text)
    CAN1_SCE_IRQHandler                      0x0800027f   Thumb Code     0  startup_stm32f103xe.o(.text)
    DMA1_Channel1_IRQHandler                 0x0800027f   Thumb Code     0  startup_stm32f103xe.o(.text)
    DMA1_Channel2_IRQHandler                 0x0800027f   Thumb Code     0  startup_stm32f103xe.o(.text)
    DMA1_Channel4_IRQHandler                 0x0800027f   Thumb Code     0  startup_stm32f103xe.o(.text)
    DMA1_Channel5_IRQHandler                 0x0800027f   Thumb Code     0  startup_stm32f103xe.o(.text)
    DMA1_Channel6_IRQHandler                 0x0800027f   Thumb Code     0  startup_stm32f103xe.o(.text)
    DMA1_Channel7_IRQHandler                 0x0800027f   Thumb Code     0  startup_stm32f103xe.o(.text)
    DMA2_Channel1_IRQHandler                 0x0800027f   Thumb Code     0  startup_stm32f103xe.o(.text)
    DMA2_Channel2_IRQHandler                 0x0800027f   Thumb Code     0  startup_stm32f103xe.o(.text)
    DMA2_Channel3_IRQHandler                 0x0800027f   Thumb Code     0  startup_stm32f103xe.o(.text)
    DMA2_Channel4_5_IRQHandler               0x0800027f   Thumb Code     0  startup_stm32f103xe.o(.text)
    EXTI0_IRQHandler                         0x0800027f   Thumb Code     0  startup_stm32f103xe.o(.text)
    EXTI1_IRQHandler                         0x0800027f   Thumb Code     0  startup_stm32f103xe.o(.text)
    EXTI2_IRQHandler                         0x0800027f   Thumb Code     0  startup_stm32f103xe.o(.text)
    EXTI3_IRQHandler                         0x0800027f   Thumb Code     0  startup_stm32f103xe.o(.text)
    EXTI4_IRQHandler                         0x0800027f   Thumb Code     0  startup_stm32f103xe.o(.text)
    EXTI9_5_IRQHandler                       0x0800027f   Thumb Code     0  startup_stm32f103xe.o(.text)
    FLASH_IRQHandler                         0x0800027f   Thumb Code     0  startup_stm32f103xe.o(.text)
    FSMC_IRQHandler                          0x0800027f   Thumb Code     0  startup_stm32f103xe.o(.text)
    I2C1_ER_IRQHandler                       0x0800027f   Thumb Code     0  startup_stm32f103xe.o(.text)
    I2C1_EV_IRQHandler                       0x0800027f   Thumb Code     0  startup_stm32f103xe.o(.text)
    I2C2_ER_IRQHandler                       0x0800027f   Thumb Code     0  startup_stm32f103xe.o(.text)
    I2C2_EV_IRQHandler                       0x0800027f   Thumb Code     0  startup_stm32f103xe.o(.text)
    PVD_IRQHandler                           0x0800027f   Thumb Code     0  startup_stm32f103xe.o(.text)
    RCC_IRQHandler                           0x0800027f   Thumb Code     0  startup_stm32f103xe.o(.text)
    RTC_Alarm_IRQHandler                     0x0800027f   Thumb Code     0  startup_stm32f103xe.o(.text)
    RTC_IRQHandler                           0x0800027f   Thumb Code     0  startup_stm32f103xe.o(.text)
    SDIO_IRQHandler                          0x0800027f   Thumb Code     0  startup_stm32f103xe.o(.text)
    SPI1_IRQHandler                          0x0800027f   Thumb Code     0  startup_stm32f103xe.o(.text)
    SPI2_IRQHandler                          0x0800027f   Thumb Code     0  startup_stm32f103xe.o(.text)
    SPI3_IRQHandler                          0x0800027f   Thumb Code     0  startup_stm32f103xe.o(.text)
    TAMPER_IRQHandler                        0x0800027f   Thumb Code     0  startup_stm32f103xe.o(.text)
    TIM1_BRK_IRQHandler                      0x0800027f   Thumb Code     0  startup_stm32f103xe.o(.text)
    TIM1_CC_IRQHandler                       0x0800027f   Thumb Code     0  startup_stm32f103xe.o(.text)
    TIM1_TRG_COM_IRQHandler                  0x0800027f   Thumb Code     0  startup_stm32f103xe.o(.text)
    TIM1_UP_IRQHandler                       0x0800027f   Thumb Code     0  startup_stm32f103xe.o(.text)
    TIM2_IRQHandler                          0x0800027f   Thumb Code     0  startup_stm32f103xe.o(.text)
    TIM4_IRQHandler                          0x0800027f   Thumb Code     0  startup_stm32f103xe.o(.text)
    TIM5_IRQHandler                          0x0800027f   Thumb Code     0  startup_stm32f103xe.o(.text)
    TIM7_IRQHandler                          0x0800027f   Thumb Code     0  startup_stm32f103xe.o(.text)
    TIM8_BRK_IRQHandler                      0x0800027f   Thumb Code     0  startup_stm32f103xe.o(.text)
    TIM8_CC_IRQHandler                       0x0800027f   Thumb Code     0  startup_stm32f103xe.o(.text)
    TIM8_TRG_COM_IRQHandler                  0x0800027f   Thumb Code     0  startup_stm32f103xe.o(.text)
    TIM8_UP_IRQHandler                       0x0800027f   Thumb Code     0  startup_stm32f103xe.o(.text)
    UART4_IRQHandler                         0x0800027f   Thumb Code     0  startup_stm32f103xe.o(.text)
    UART5_IRQHandler                         0x0800027f   Thumb Code     0  startup_stm32f103xe.o(.text)
    USART1_IRQHandler                        0x0800027f   Thumb Code     0  startup_stm32f103xe.o(.text)
    USART2_IRQHandler                        0x0800027f   Thumb Code     0  startup_stm32f103xe.o(.text)
    USBWakeUp_IRQHandler                     0x0800027f   Thumb Code     0  startup_stm32f103xe.o(.text)
    USB_HP_CAN1_TX_IRQHandler                0x0800027f   Thumb Code     0  startup_stm32f103xe.o(.text)
    USB_LP_CAN1_RX0_IRQHandler               0x0800027f   Thumb Code     0  startup_stm32f103xe.o(.text)
    WWDG_IRQHandler                          0x0800027f   Thumb Code     0  startup_stm32f103xe.o(.text)
    __user_initial_stackheap                 0x08000281   Thumb Code     0  startup_stm32f103xe.o(.text)
    __aeabi_memcpy                           0x080002a5   Thumb Code     0  rt_memcpy_v6.o(.text)
    __rt_memcpy                              0x080002a5   Thumb Code   138  rt_memcpy_v6.o(.text)
    _memcpy_lastbytes                        0x0800030b   Thumb Code     0  rt_memcpy_v6.o(.text)
    __aeabi_memmove                          0x0800032f   Thumb Code     0  rt_memmove_v6.o(.text)
    __rt_memmove                             0x0800032f   Thumb Code   132  rt_memmove_v6.o(.text)
    __memmove_lastfew                        0x0800038f   Thumb Code     0  rt_memmove_v6.o(.text)
    __aeabi_memclr4                          0x080003b3   Thumb Code     0  rt_memclr_w.o(.text)
    __aeabi_memclr8                          0x080003b3   Thumb Code     0  rt_memclr_w.o(.text)
    __rt_memclr_w                            0x080003b3   Thumb Code    78  rt_memclr_w.o(.text)
    _memset_w                                0x080003b7   Thumb Code     0  rt_memclr_w.o(.text)
    __use_two_region_memory                  0x08000401   Thumb Code     2  heapauxi.o(.text)
    __rt_heap_escrow$2region                 0x08000403   Thumb Code     2  heapauxi.o(.text)
    __rt_heap_expand$2region                 0x08000405   Thumb Code     2  heapauxi.o(.text)
    __read_errno                             0x08000407   Thumb Code    10  _rserrno.o(.text)
    __set_errno                              0x08000411   Thumb Code    12  _rserrno.o(.text)
    __aeabi_memcpy4                          0x0800041d   Thumb Code     0  rt_memcpy_w.o(.text)
    __aeabi_memcpy8                          0x0800041d   Thumb Code     0  rt_memcpy_w.o(.text)
    __rt_memcpy_w                            0x0800041d   Thumb Code   100  rt_memcpy_w.o(.text)
    _memcpy_lastbytes_aligned                0x08000465   Thumb Code     0  rt_memcpy_w.o(.text)
    __aeabi_memmove4                         0x08000481   Thumb Code     0  rt_memmove_w.o(.text)
    __aeabi_memmove8                         0x08000481   Thumb Code     0  rt_memmove_w.o(.text)
    __rt_memmove_w                           0x08000481   Thumb Code   122  rt_memmove_w.o(.text)
    __memmove_aligned                        0x080004a7   Thumb Code     0  rt_memmove_w.o(.text)
    __memmove_lastfew_aligned                0x080004df   Thumb Code     0  rt_memmove_w.o(.text)
    __aeabi_errno_addr                       0x080004fd   Thumb Code     8  rt_errno_addr_intlibspace.o(.text)
    __errno$intlibspace                      0x080004fd   Thumb Code     0  rt_errno_addr_intlibspace.o(.text)
    __rt_errno_addr$intlibspace              0x080004fd   Thumb Code     0  rt_errno_addr_intlibspace.o(.text)
    __user_libspace                          0x08000505   Thumb Code     8  libspace.o(.text)
    __user_perproc_libspace                  0x08000505   Thumb Code     0  libspace.o(.text)
    __user_perthread_libspace                0x08000505   Thumb Code     0  libspace.o(.text)
    __user_setup_stackheap                   0x0800050d   Thumb Code    74  sys_stackheap_outer.o(.text)
    exit                                     0x08000557   Thumb Code    18  exit.o(.text)
    _sys_exit                                0x08000569   Thumb Code     8  sys_exit.o(.text)
    __I$use$semihosting                      0x08000575   Thumb Code     0  use_no_semi.o(.text)
    __use_no_semihosting_swi                 0x08000575   Thumb Code     2  use_no_semi.o(.text)
    __semihosting_library_function           0x08000577   Thumb Code     0  indicate_semi.o(.text)
    AppComm_Init                             0x08000579   Thumb Code     8  app_comm.o(i.AppComm_Init)
    AppComm_Poll                             0x08000585   Thumb Code   302  app_comm.o(i.AppComm_Poll)
    AppDisplay_Init                          0x080006c1   Thumb Code     6  app_diaplay.o(i.AppDisplay_Init)
    AppDisplay_ScanISR                       0x080006cd   Thumb Code     6  app_diaplay.o(i.AppDisplay_ScanISR)
    AppDisplay_SetValues                     0x080006d9   Thumb Code    98  app_diaplay.o(i.AppDisplay_SetValues)
    BusFault_Handler                         0x0800080d   Thumb Code     2  stm32f1xx_it.o(i.BusFault_Handler)
    Control_AutoMode                         0x08000811   Thumb Code   210  ctrl_auto.o(i.Control_AutoMode)
    Control_HandleKeys                       0x080008e9   Thumb Code   318  ctrl_logic.o(i.Control_HandleKeys)
    Control_IsFillComplete                   0x08000a2d   Thumb Code    14  ctrl_logic.o(i.Control_IsFillComplete)
    Control_ManualMode                       0x08000a3d   Thumb Code    44  ctrl_manual.o(i.Control_ManualMode)
    Control_Run                              0x08000a6d   Thumb Code    62  ctrl_logic.o(i.Control_Run)
    Control_Safety                           0x08000ab5   Thumb Code   108  ctrl_logic.o(i.Control_Safety)
    Control_UpdateLEDs                       0x08000b31   Thumb Code   160  ctrl_output.o(i.Control_UpdateLEDs)
    Control_UpdateOutputs                    0x08000bd9   Thumb Code   158  ctrl_output.o(i.Control_UpdateOutputs)
    Control_UpdateProcessValue               0x08000c7d   Thumb Code    30  ctrl_logic.o(i.Control_UpdateProcessValue)
    DMA1_Channel3_IRQHandler                 0x08000ca1   Thumb Code    16  stm32f1xx_it.o(i.DMA1_Channel3_IRQHandler)
    DebugMon_Handler                         0x08000cdf   Thumb Code     2  stm32f1xx_it.o(i.DebugMon_Handler)
    Disp_Init                                0x08000ce1   Thumb Code    16  bsp_display.o(i.Disp_Init)
    Disp_ScanISR                             0x08000cf1   Thumb Code   222  bsp_display.o(i.Disp_ScanISR)
    Disp_SetFloat                            0x08000dd5   Thumb Code   156  bsp_display.o(i.Disp_SetFloat)
    EXTI15_10_IRQHandler                     0x08000e7d   Thumb Code     8  stm32f1xx_it.o(i.EXTI15_10_IRQHandler)
    Error_Handler                            0x08000e85   Thumb Code     4  main.o(i.Error_Handler)
    HAL_DMA_Abort                            0x08000e89   Thumb Code    70  stm32f1xx_hal_dma.o(i.HAL_DMA_Abort)
    HAL_DMA_Abort_IT                         0x08000ed1   Thumb Code   296  stm32f1xx_hal_dma.o(i.HAL_DMA_Abort_IT)
    HAL_DMA_IRQHandler                       0x08001001   Thumb Code   552  stm32f1xx_hal_dma.o(i.HAL_DMA_IRQHandler)
    HAL_DMA_Init                             0x08001249   Thumb Code   112  stm32f1xx_hal_dma.o(i.HAL_DMA_Init)
    HAL_DMA_Start_IT                         0x080012c5   Thumb Code   112  stm32f1xx_hal_dma.o(i.HAL_DMA_Start_IT)
    HAL_Delay                                0x08001335   Thumb Code    32  stm32f1xx_hal.o(i.HAL_Delay)
    HAL_GPIO_EXTI_Callback                   0x08001359   Thumb Code    12  main.o(i.HAL_GPIO_EXTI_Callback)
    HAL_GPIO_EXTI_IRQHandler                 0x08001365   Thumb Code    18  stm32f1xx_hal_gpio.o(i.HAL_GPIO_EXTI_IRQHandler)
    HAL_GPIO_Init                            0x0800137d   Thumb Code   462  stm32f1xx_hal_gpio.o(i.HAL_GPIO_Init)
    HAL_GPIO_ReadPin                         0x08001575   Thumb Code    10  stm32f1xx_hal_gpio.o(i.HAL_GPIO_ReadPin)
    HAL_GPIO_WritePin                        0x0800157f   Thumb Code    10  stm32f1xx_hal_gpio.o(i.HAL_GPIO_WritePin)
    HAL_GetTick                              0x08001589   Thumb Code     6  stm32f1xx_hal.o(i.HAL_GetTick)
    HAL_IncTick                              0x08001595   Thumb Code    12  stm32f1xx_hal.o(i.HAL_IncTick)
    HAL_Init                                 0x080015a5   Thumb Code    32  stm32f1xx_hal.o(i.HAL_Init)
    HAL_InitTick                             0x080015c9   Thumb Code   132  stm32f1xx_hal_timebase_tim.o(i.HAL_InitTick)
    HAL_MspInit                              0x08001661   Thumb Code    62  stm32f1xx_hal_msp.o(i.HAL_MspInit)
    HAL_NVIC_EnableIRQ                       0x080016a9   Thumb Code    26  stm32f1xx_hal_cortex.o(i.HAL_NVIC_EnableIRQ)
    HAL_NVIC_SetPriority                     0x080016c5   Thumb Code    60  stm32f1xx_hal_cortex.o(i.HAL_NVIC_SetPriority)
    HAL_NVIC_SetPriorityGrouping             0x08001705   Thumb Code    26  stm32f1xx_hal_cortex.o(i.HAL_NVIC_SetPriorityGrouping)
    HAL_RCC_ClockConfig                      0x08001729   Thumb Code   280  stm32f1xx_hal_rcc.o(i.HAL_RCC_ClockConfig)
    HAL_RCC_GetClockConfig                   0x08001855   Thumb Code    54  stm32f1xx_hal_rcc.o(i.HAL_RCC_GetClockConfig)
    HAL_RCC_GetPCLK1Freq                     0x08001895   Thumb Code    20  stm32f1xx_hal_rcc.o(i.HAL_RCC_GetPCLK1Freq)
    HAL_RCC_GetPCLK2Freq                     0x080018b5   Thumb Code    20  stm32f1xx_hal_rcc.o(i.HAL_RCC_GetPCLK2Freq)
    HAL_RCC_GetSysClockFreq                  0x080018d5   Thumb Code    58  stm32f1xx_hal_rcc.o(i.HAL_RCC_GetSysClockFreq)
    HAL_RCC_OscConfig                        0x08001921   Thumb Code   778  stm32f1xx_hal_rcc.o(i.HAL_RCC_OscConfig)
    HAL_SPI_Init                             0x08001c41   Thumb Code   178  stm32f1xx_hal_spi.o(i.HAL_SPI_Init)
    HAL_SPI_MspInit                          0x08001cf5   Thumb Code   102  spi.o(i.HAL_SPI_MspInit)
    HAL_SPI_TransmitReceive                  0x08001d69   Thumb Code   496  stm32f1xx_hal_spi.o(i.HAL_SPI_TransmitReceive)
    HAL_TIMEx_BreakCallback                  0x08001f59   Thumb Code     2  stm32f1xx_hal_tim_ex.o(i.HAL_TIMEx_BreakCallback)
    HAL_TIMEx_CommutCallback                 0x08001f5b   Thumb Code     2  stm32f1xx_hal_tim_ex.o(i.HAL_TIMEx_CommutCallback)
    HAL_TIMEx_MasterConfigSynchronization    0x08001f5d   Thumb Code   104  stm32f1xx_hal_tim_ex.o(i.HAL_TIMEx_MasterConfigSynchronization)
    HAL_TIM_Base_Init                        0x08001fd9   Thumb Code    90  stm32f1xx_hal_tim.o(i.HAL_TIM_Base_Init)
    HAL_TIM_Base_MspInit                     0x08002035   Thumb Code    50  tim.o(i.HAL_TIM_Base_MspInit)
    HAL_TIM_Base_Start_IT                    0x08002071   Thumb Code    88  stm32f1xx_hal_tim.o(i.HAL_TIM_Base_Start_IT)
    HAL_TIM_ConfigClockSource                0x080020dd   Thumb Code   220  stm32f1xx_hal_tim.o(i.HAL_TIM_ConfigClockSource)
    HAL_TIM_IC_CaptureCallback               0x080021b9   Thumb Code     2  stm32f1xx_hal_tim.o(i.HAL_TIM_IC_CaptureCallback)
    HAL_TIM_IRQHandler                       0x080021bb   Thumb Code   304  stm32f1xx_hal_tim.o(i.HAL_TIM_IRQHandler)
    HAL_TIM_OC_DelayElapsedCallback          0x080022eb   Thumb Code     2  stm32f1xx_hal_tim.o(i.HAL_TIM_OC_DelayElapsedCallback)
    HAL_TIM_PWM_PulseFinishedCallback        0x080022ed   Thumb Code     2  stm32f1xx_hal_tim.o(i.HAL_TIM_PWM_PulseFinishedCallback)
    HAL_TIM_PeriodElapsedCallback            0x080022f1   Thumb Code    62  main.o(i.HAL_TIM_PeriodElapsedCallback)
    HAL_TIM_TriggerCallback                  0x0800233d   Thumb Code     2  stm32f1xx_hal_tim.o(i.HAL_TIM_TriggerCallback)
    HAL_UARTEx_RxEventCallback               0x0800233f   Thumb Code     2  stm32f1xx_hal_uart.o(i.HAL_UARTEx_RxEventCallback)
    HAL_UART_ErrorCallback                   0x08002341   Thumb Code     2  stm32f1xx_hal_uart.o(i.HAL_UART_ErrorCallback)
    HAL_UART_IRQHandler                      0x08002345   Thumb Code   616  stm32f1xx_hal_uart.o(i.HAL_UART_IRQHandler)
    HAL_UART_Init                            0x080025b1   Thumb Code   100  stm32f1xx_hal_uart.o(i.HAL_UART_Init)
    HAL_UART_MspInit                         0x08002615   Thumb Code   158  usart.o(i.HAL_UART_MspInit)
    HAL_UART_Receive_DMA                     0x080026c9   Thumb Code    28  stm32f1xx_hal_uart.o(i.HAL_UART_Receive_DMA)
    HAL_UART_RxCpltCallback                  0x080026e5   Thumb Code     2  stm32f1xx_hal_uart.o(i.HAL_UART_RxCpltCallback)
    HAL_UART_RxHalfCpltCallback              0x080026e7   Thumb Code     2  stm32f1xx_hal_uart.o(i.HAL_UART_RxHalfCpltCallback)
    HAL_UART_Transmit                        0x080026e9   Thumb Code   160  stm32f1xx_hal_uart.o(i.HAL_UART_Transmit)
    HAL_UART_TxCpltCallback                  0x08002789   Thumb Code     2  stm32f1xx_hal_uart.o(i.HAL_UART_TxCpltCallback)
    HardFault_Handler                        0x0800278b   Thumb Code     2  stm32f1xx_it.o(i.HardFault_Handler)
    Key_Init                                 0x0800278d   Thumb Code    54  bsp_key.o(i.Key_Init)
    Key_ON                                   0x080027cd   Thumb Code    16  bsp_key.o(i.Key_ON)
    Key_ScanTick                             0x080027e1   Thumb Code   180  bsp_key.o(i.Key_ScanTick)
    Key_WasPressed                           0x0800289d   Thumb Code    24  bsp_key.o(i.Key_WasPressed)
    Key_WasRepeated                          0x080028b9   Thumb Code    24  bsp_key.o(i.Key_WasRepeated)
    LED_Off                                  0x080028d5   Thumb Code    18  bsp_output.o(i.LED_Off)
    LED_On                                   0x080028ed   Thumb Code    18  bsp_output.o(i.LED_On)
    MX_DMA_Init                              0x08002911   Thumb Code    40  dma.o(i.MX_DMA_Init)
    MX_GPIO_Init                             0x0800293d   Thumb Code   244  gpio.o(i.MX_GPIO_Init)
    MX_SPI2_Init                             0x08002a45   Thumb Code    64  spi.o(i.MX_SPI2_Init)
    MX_TIM3_Init                             0x08002a8d   Thumb Code    96  tim.o(i.MX_TIM3_Init)
    MX_USART3_UART_Init                      0x08002af5   Thumb Code    48  usart.o(i.MX_USART3_UART_Init)
    MemManage_Handler                        0x08002bbd   Thumb Code     2  stm32f1xx_it.o(i.MemManage_Handler)
    NMI_Handler                              0x08002bbf   Thumb Code     2  stm32f1xx_it.o(i.NMI_Handler)
    Out_Reset                                0x08002bc1   Thumb Code    18  bsp_output.o(i.Out_Reset)
    Out_Set                                  0x08002bd9   Thumb Code    18  bsp_output.o(i.Out_Set)
    Output_Init                              0x08002bf1   Thumb Code    38  bsp_output.o(i.Output_Init)
    RS485_ClearFrameFlag                     0x08002c19   Thumb Code     8  bsp_rs485.o(i.RS485_ClearFrameFlag)
    RS485_FrameAvailable                     0x08002c25   Thumb Code     6  bsp_rs485.o(i.RS485_FrameAvailable)
    RS485_Init                               0x08002c31   Thumb Code    46  bsp_rs485.o(i.RS485_Init)
    RS485_OnUartIrq                          0x08002c71   Thumb Code    30  bsp_rs485.o(i.RS485_OnUartIrq)
    RS485_Read                               0x08002c95   Thumb Code    42  bsp_rs485.o(i.RS485_Read)
    RS485_SendBlocking                       0x08002cc9   Thumb Code    92  bsp_rs485.o(i.RS485_SendBlocking)
    RS485_SetRx                              0x08002d2d   Thumb Code    12  bsp_output.o(i.RS485_SetRx)
    Speed_AutoAdjust                         0x08002f01   Thumb Code    26  ctrl_speed.o(i.Speed_AutoAdjust)
    SysTick_Handler                          0x08002f1b   Thumb Code    26  cmsis_os2.o(i.SysTick_Handler)
    SystemClock_Config                       0x08002f35   Thumb Code    94  main.o(i.SystemClock_Config)
    SystemInit                               0x08002f93   Thumb Code     2  system_stm32f1xx.o(i.SystemInit)
    SystemState_Init                         0x08002f95   Thumb Code    40  app_state.o(i.SystemState_Init)
    TIM3_IRQHandler                          0x08002fc1   Thumb Code     6  stm32f1xx_it.o(i.TIM3_IRQHandler)
    TIM6_IRQHandler                          0x08002fcd   Thumb Code     6  stm32f1xx_it.o(i.TIM6_IRQHandler)
    TIM_Base_SetConfig                       0x08002fd9   Thumb Code   134  stm32f1xx_hal_tim.o(i.TIM_Base_SetConfig)
    TIM_ETR_SetConfig                        0x08003075   Thumb Code    20  stm32f1xx_hal_tim.o(i.TIM_ETR_SetConfig)
    TM7705_DrdyIRQ                           0x080030e1   Thumb Code     8  bsp_tm7705.o(i.TM7705_DrdyIRQ)
    TM7705_Init                              0x080030ed   Thumb Code    64  bsp_tm7705.o(i.TM7705_Init)
    TM7705_ReadCode                          0x0800312d   Thumb Code    50  bsp_tm7705.o(i.TM7705_ReadCode)
    TM7705_WaitReady                         0x08003161   Thumb Code    74  bsp_tm7705.o(i.TM7705_WaitReady)
    UART_Start_Receive_DMA                   0x08003495   Thumb Code   130  stm32f1xx_hal_uart.o(i.UART_Start_Receive_DMA)
    USART3_IRQHandler                        0x08003599   Thumb Code    16  stm32f1xx_it.o(i.USART3_IRQHandler)
    UsageFault_Handler                       0x080035ad   Thumb Code     2  stm32f1xx_it.o(i.UsageFault_Handler)
    Weight_Init                              0x080035b1   Thumb Code    14  measure_weight.o(i.Weight_Init)
    Weight_TareNow                           0x080035d5   Thumb Code     8  measure_weight.o(i.Weight_TareNow)
    Weight_UpdateFromTM7705                  0x080035e1   Thumb Code    66  measure_weight.o(i.Weight_UpdateFromTM7705)
    __ARM_fpclassifyf                        0x0800362d   Thumb Code    38  fpclassifyf.o(i.__ARM_fpclassifyf)
    __mathlib_flt_divzero                    0x08003673   Thumb Code    10  funder.o(i.__mathlib_flt_divzero)
    __mathlib_flt_infnan2                    0x0800367d   Thumb Code     4  funder.o(i.__mathlib_flt_infnan2)
    __mathlib_flt_invalid                    0x08003681   Thumb Code     8  funder.o(i.__mathlib_flt_invalid)
    __mathlib_flt_overflow                   0x08003689   Thumb Code    10  funder.o(i.__mathlib_flt_overflow)
    __mathlib_flt_underflow                  0x08003693   Thumb Code    10  funder.o(i.__mathlib_flt_underflow)
    clamp_set_value                          0x080036c9   Thumb Code    14  ctrl_logic.o(i.clamp_set_value)
    is_system_running                        0x08003789   Thumb Code    28  ctrl_logic.o(i.is_system_running)
    main                                     0x080037a9   Thumb Code    92  main.o(i.main)
    __mathlib_powf                           0x0800380d   Thumb Code     0  powf.o(i.powf)
    powf                                     0x0800380d   Thumb Code  1548  powf.o(i.powf)
    uxListRemove                             0x08003f89   Thumb Code    38  list.o(i.uxListRemove)
    vListInsertEnd                           0x08003faf   Thumb Code    24  list.o(i.vListInsertEnd)
    vTaskSwitchContext                       0x08003fc9   Thumb Code    90  tasks.o(i.vTaskSwitchContext)
    xPortSysTickHandler                      0x0800402d   Thumb Code    38  port.o(i.xPortSysTickHandler)
    xTaskGetSchedulerState                   0x08004059   Thumb Code    22  tasks.o(i.xTaskGetSchedulerState)
    xTaskIncrementTick                       0x08004075   Thumb Code   192  tasks.o(i.xTaskIncrementTick)
    __aeabi_fadd                             0x0800413d   Thumb Code     0  faddsub_clz.o(x$fpl$fadd)
    _fadd                                    0x0800413d   Thumb Code   196  faddsub_clz.o(x$fpl$fadd)
    __fpl_fcheck_NaN1                        0x08004201   Thumb Code     6  fcheck1.o(x$fpl$fcheck1)
    __fpl_fcmp_Inf                           0x0800420d   Thumb Code    24  fcmpi.o(x$fpl$fcmpinf)
    __aeabi_fdiv                             0x08004225   Thumb Code     0  fdiv.o(x$fpl$fdiv)
    _fdiv                                    0x08004225   Thumb Code   384  fdiv.o(x$fpl$fdiv)
    __aeabi_f2iz                             0x080043a9   Thumb Code     0  ffix.o(x$fpl$ffix)
    _ffix                                    0x080043a9   Thumb Code    54  ffix.o(x$fpl$ffix)
    _ffix_r                                  0x080043e1   Thumb Code    82  ffix.o(x$fpl$ffixr)
    __aeabi_f2uiz                            0x08004435   Thumb Code     0  ffixu.o(x$fpl$ffixu)
    _ffixu                                   0x08004435   Thumb Code    62  ffixu.o(x$fpl$ffixu)
    __aeabi_i2f                              0x08004475   Thumb Code     0  fflt_clz.o(x$fpl$fflt)
    _fflt                                    0x08004475   Thumb Code    48  fflt_clz.o(x$fpl$fflt)
    __aeabi_ui2f                             0x080044a5   Thumb Code     0  fflt_clz.o(x$fpl$ffltu)
    _ffltu                                   0x080044a5   Thumb Code    38  fflt_clz.o(x$fpl$ffltu)
    __aeabi_cfcmple                          0x080044cd   Thumb Code     0  fleqf.o(x$fpl$fleqf)
    _fcmple                                  0x080044cd   Thumb Code   104  fleqf.o(x$fpl$fleqf)
    __fpl_fcmple_InfNaN                      0x0800451f   Thumb Code     0  fleqf.o(x$fpl$fleqf)
    __aeabi_fmul                             0x08004535   Thumb Code     0  fmul.o(x$fpl$fmul)
    _fmul                                    0x08004535   Thumb Code   258  fmul.o(x$fpl$fmul)
    __fpl_fnaninf                            0x08004637   Thumb Code   140  fnaninf.o(x$fpl$fnaninf)
    __fpl_fretinf                            0x080046c3   Thumb Code    10  fretinf.o(x$fpl$fretinf)
    __aeabi_cfrcmple                         0x080046cd   Thumb Code     0  frleqf.o(x$fpl$frleqf)
    _frcmple                                 0x080046cd   Thumb Code    98  frleqf.o(x$fpl$frleqf)
    __aeabi_frsub                            0x0800472f   Thumb Code     0  faddsub_clz.o(x$fpl$frsb)
    _frsb                                    0x0800472f   Thumb Code    20  faddsub_clz.o(x$fpl$frsb)
    __aeabi_fsub                             0x08004745   Thumb Code     0  faddsub_clz.o(x$fpl$fsub)
    _fsub                                    0x08004745   Thumb Code   234  faddsub_clz.o(x$fpl$fsub)
    __fpl_return_NaN                         0x0800482f   Thumb Code   100  retnan.o(x$fpl$retnan)
    __ARM_scalbnf                            0x08004893   Thumb Code    76  scalbnf.o(x$fpl$scalbnf)
    __fpl_cmpreturn                          0x080048df   Thumb Code    48  trapv.o(x$fpl$trapveneer)
    __I$use$fp                               0x0800490e   Number         0  usenofp.o(x$fpl$usenofp)
    AHBPrescTable                            0x08004920   Data          16  system_stm32f1xx.o(.constdata)
    APBPrescTable                            0x08004930   Data           8  system_stm32f1xx.o(.constdata)
    Region$$Table$$Base                      0x08004b68   Number         0  anon$$obj.o(Region$$Table)
    Region$$Table$$Limit                     0x08004b88   Number         0  anon$$obj.o(Region$$Table)
    g_blink_on                               0x20000000   Data           1  main.o(.data)
    uwTickFreq                               0x20000004   Data           1  stm32f1xx_hal.o(.data)
    uwTickPrio                               0x20000008   Data           4  stm32f1xx_hal.o(.data)
    uwTick                                   0x2000000c   Data           4  stm32f1xx_hal.o(.data)
    SystemCoreClock                          0x20000010   Data           4  system_stm32f1xx.o(.data)
    pxCurrentTCB                             0x20000014   Data           4  tasks.o(.data)
    g_sys                                    0x2000005c   Data          28  app_state.o(.data)
    hspi2                                    0x20000094   Data          88  spi.o(.bss)
    htim3                                    0x200000ec   Data          72  tim.o(.bss)
    huart3                                   0x20000134   Data          72  usart.o(.bss)
    hdma_usart3_rx                           0x2000017c   Data          68  usart.o(.bss)
    htim6                                    0x200001c0   Data          72  stm32f1xx_hal_timebase_tim.o(.bss)
    g_weight                                 0x2000084c   Data          16  measure_weight.o(.bss)
    __libspace_start                         0x20000a34   Data          96  libspace.o(.bss)
    __temporary_stack_top$libspace           0x20000a94   Data           0  libspace.o(.bss)



==============================================================================

Memory Map of the image

  Image Entry point : 0x08000131

  Load Region LR_IROM1 (Base: 0x08000000, Size: 0x00004c1c, Max: 0x00040000, ABSOLUTE)

    Execution Region ER_IROM1 (Exec base: 0x08000000, Load base: 0x08000000, Size: 0x00004b88, Max: 0x00040000, ABSOLUTE)

    Exec Addr    Load Addr    Size         Type   Attr      Idx    E Section Name        Object

    0x08000000   0x08000000   0x00000130   Data   RO            3    RESET               startup_stm32f103xe.o
    0x08000130   0x08000130   0x00000008   Code   RO         5775  * !!!main             c_w.l(__main.o)
    0x08000138   0x08000138   0x00000034   Code   RO         6018    !!!scatter          c_w.l(__scatter.o)
    0x0800016c   0x0800016c   0x0000001a   Code   RO         6020    !!handler_copy      c_w.l(__scatter_copy.o)
    0x08000186   0x08000186   0x00000002   PAD
    0x08000188   0x08000188   0x0000001c   Code   RO         6022    !!handler_zi        c_w.l(__scatter_zi.o)
    0x080001a4   0x080001a4   0x00000002   Code   RO         5887    .ARM.Collect$$libinit$$00000000  c_w.l(libinit.o)
    0x080001a6   0x080001a6   0x00000000   Code   RO         5893    .ARM.Collect$$libinit$$00000002  c_w.l(libinit2.o)
    0x080001a6   0x080001a6   0x00000000   Code   RO         5895    .ARM.Collect$$libinit$$00000004  c_w.l(libinit2.o)
    0x080001a6   0x080001a6   0x00000000   Code   RO         5898    .ARM.Collect$$libinit$$0000000A  c_w.l(libinit2.o)
    0x080001a6   0x080001a6   0x00000000   Code   RO         5900    .ARM.Collect$$libinit$$0000000C  c_w.l(libinit2.o)
    0x080001a6   0x080001a6   0x00000000   Code   RO         5902    .ARM.Collect$$libinit$$0000000E  c_w.l(libinit2.o)
    0x080001a6   0x080001a6   0x00000000   Code   RO         5905    .ARM.Collect$$libinit$$00000011  c_w.l(libinit2.o)
    0x080001a6   0x080001a6   0x00000000   Code   RO         5907    .ARM.Collect$$libinit$$00000013  c_w.l(libinit2.o)
    0x080001a6   0x080001a6   0x00000000   Code   RO         5909    .ARM.Collect$$libinit$$00000015  c_w.l(libinit2.o)
    0x080001a6   0x080001a6   0x00000000   Code   RO         5911    .ARM.Collect$$libinit$$00000017  c_w.l(libinit2.o)
    0x080001a6   0x080001a6   0x00000000   Code   RO         5913    .ARM.Collect$$libinit$$00000019  c_w.l(libinit2.o)
    0x080001a6   0x080001a6   0x00000000   Code   RO         5915    .ARM.Collect$$libinit$$0000001B  c_w.l(libinit2.o)
    0x080001a6   0x080001a6   0x00000000   Code   RO         5917    .ARM.Collect$$libinit$$0000001D  c_w.l(libinit2.o)
    0x080001a6   0x080001a6   0x00000000   Code   RO         5919    .ARM.Collect$$libinit$$0000001F  c_w.l(libinit2.o)
    0x080001a6   0x080001a6   0x00000000   Code   RO         5921    .ARM.Collect$$libinit$$00000021  c_w.l(libinit2.o)
    0x080001a6   0x080001a6   0x00000000   Code   RO         5923    .ARM.Collect$$libinit$$00000023  c_w.l(libinit2.o)
    0x080001a6   0x080001a6   0x00000000   Code   RO         5925    .ARM.Collect$$libinit$$00000025  c_w.l(libinit2.o)
    0x080001a6   0x080001a6   0x00000000   Code   RO         5929    .ARM.Collect$$libinit$$0000002C  c_w.l(libinit2.o)
    0x080001a6   0x080001a6   0x00000000   Code   RO         5931    .ARM.Collect$$libinit$$0000002E  c_w.l(libinit2.o)
    0x080001a6   0x080001a6   0x00000000   Code   RO         5933    .ARM.Collect$$libinit$$00000030  c_w.l(libinit2.o)
    0x080001a6   0x080001a6   0x00000000   Code   RO         5935    .ARM.Collect$$libinit$$00000032  c_w.l(libinit2.o)
    0x080001a6   0x080001a6   0x00000002   Code   RO         5936    .ARM.Collect$$libinit$$00000033  c_w.l(libinit2.o)
    0x080001a8   0x080001a8   0x00000002   Code   RO         5958    .ARM.Collect$$libshutdown$$00000000  c_w.l(libshutdown.o)
    0x080001aa   0x080001aa   0x00000000   Code   RO         5971    .ARM.Collect$$libshutdown$$00000002  c_w.l(libshutdown2.o)
    0x080001aa   0x080001aa   0x00000000   Code   RO         5973    .ARM.Collect$$libshutdown$$00000004  c_w.l(libshutdown2.o)
    0x080001aa   0x080001aa   0x00000000   Code   RO         5976    .ARM.Collect$$libshutdown$$00000007  c_w.l(libshutdown2.o)
    0x080001aa   0x080001aa   0x00000000   Code   RO         5979    .ARM.Collect$$libshutdown$$0000000A  c_w.l(libshutdown2.o)
    0x080001aa   0x080001aa   0x00000000   Code   RO         5981    .ARM.Collect$$libshutdown$$0000000C  c_w.l(libshutdown2.o)
    0x080001aa   0x080001aa   0x00000000   Code   RO         5984    .ARM.Collect$$libshutdown$$0000000F  c_w.l(libshutdown2.o)
    0x080001aa   0x080001aa   0x00000002   Code   RO         5985    .ARM.Collect$$libshutdown$$00000010  c_w.l(libshutdown2.o)
    0x080001ac   0x080001ac   0x00000000   Code   RO         5817    .ARM.Collect$$rtentry$$00000000  c_w.l(__rtentry.o)
    0x080001ac   0x080001ac   0x00000000   Code   RO         5854    .ARM.Collect$$rtentry$$00000002  c_w.l(__rtentry2.o)
    0x080001ac   0x080001ac   0x00000006   Code   RO         5866    .ARM.Collect$$rtentry$$00000004  c_w.l(__rtentry4.o)
    0x080001b2   0x080001b2   0x00000000   Code   RO         5856    .ARM.Collect$$rtentry$$00000009  c_w.l(__rtentry2.o)
    0x080001b2   0x080001b2   0x00000004   Code   RO         5857    .ARM.Collect$$rtentry$$0000000A  c_w.l(__rtentry2.o)
    0x080001b6   0x080001b6   0x00000000   Code   RO         5859    .ARM.Collect$$rtentry$$0000000C  c_w.l(__rtentry2.o)
    0x080001b6   0x080001b6   0x00000008   Code   RO         5860    .ARM.Collect$$rtentry$$0000000D  c_w.l(__rtentry2.o)
    0x080001be   0x080001be   0x00000002   Code   RO         5890    .ARM.Collect$$rtexit$$00000000  c_w.l(rtexit.o)
    0x080001c0   0x080001c0   0x00000000   Code   RO         5940    .ARM.Collect$$rtexit$$00000002  c_w.l(rtexit2.o)
    0x080001c0   0x080001c0   0x00000004   Code   RO         5941    .ARM.Collect$$rtexit$$00000003  c_w.l(rtexit2.o)
    0x080001c4   0x080001c4   0x00000006   Code   RO         5942    .ARM.Collect$$rtexit$$00000004  c_w.l(rtexit2.o)
    0x080001ca   0x080001ca   0x00000002   PAD
    0x080001cc   0x080001cc   0x00000096   Code   RO         5048    .emb_text           port.o
    0x08000262   0x08000262   0x00000002   PAD
    0x08000264   0x08000264   0x00000040   Code   RO            4    .text               startup_stm32f103xe.o
    0x080002a4   0x080002a4   0x0000008a   Code   RO         5763    .text               c_w.l(rt_memcpy_v6.o)
    0x0800032e   0x0800032e   0x00000084   Code   RO         5765    .text               c_w.l(rt_memmove_v6.o)
    0x080003b2   0x080003b2   0x0000004e   Code   RO         5771    .text               c_w.l(rt_memclr_w.o)
    0x08000400   0x08000400   0x00000006   Code   RO         5773    .text               c_w.l(heapauxi.o)
    0x08000406   0x08000406   0x00000016   Code   RO         5818    .text               c_w.l(_rserrno.o)
    0x0800041c   0x0800041c   0x00000064   Code   RO         5820    .text               c_w.l(rt_memcpy_w.o)
    0x08000480   0x08000480   0x0000007a   Code   RO         5822    .text               c_w.l(rt_memmove_w.o)
    0x080004fa   0x080004fa   0x00000002   PAD
    0x080004fc   0x080004fc   0x00000008   Code   RO         5871    .text               c_w.l(rt_errno_addr_intlibspace.o)
    0x08000504   0x08000504   0x00000008   Code   RO         5875    .text               c_w.l(libspace.o)
    0x0800050c   0x0800050c   0x0000004a   Code   RO         5878    .text               c_w.l(sys_stackheap_outer.o)
    0x08000556   0x08000556   0x00000012   Code   RO         5880    .text               c_w.l(exit.o)
    0x08000568   0x08000568   0x0000000c   Code   RO         5950    .text               c_w.l(sys_exit.o)
    0x08000574   0x08000574   0x00000002   Code   RO         5961    .text               c_w.l(use_no_semi.o)
    0x08000576   0x08000576   0x00000000   Code   RO         5963    .text               c_w.l(indicate_semi.o)
    0x08000576   0x08000576   0x00000002   PAD
    0x08000578   0x08000578   0x0000000c   Code   RO         5125    i.AppComm_Init      app_comm.o
    0x08000584   0x08000584   0x0000013c   Code   RO         5126    i.AppComm_Poll      app_comm.o
    0x080006c0   0x080006c0   0x0000000c   Code   RO         5181    i.AppDisplay_Init   app_diaplay.o
    0x080006cc   0x080006cc   0x0000000c   Code   RO         5182    i.AppDisplay_ScanISR  app_diaplay.o
    0x080006d8   0x080006d8   0x00000068   Code   RO         5183    i.AppDisplay_SetValues  app_diaplay.o
    0x08000740   0x08000740   0x00000064   Code   RO         5127    i.ApplyWrite        app_comm.o
    0x080007a4   0x080007a4   0x00000068   Code   RO         5128    i.BuildStatus9      app_comm.o
    0x0800080c   0x0800080c   0x00000002   Code   RO          504    i.BusFault_Handler  stm32f1xx_it.o
    0x0800080e   0x0800080e   0x00000002   PAD
    0x08000810   0x08000810   0x000000d8   Code   RO         5235    i.Control_AutoMode  ctrl_auto.o
    0x080008e8   0x080008e8   0x00000144   Code   RO         5250    i.Control_HandleKeys  ctrl_logic.o
    0x08000a2c   0x08000a2c   0x0000000e   Code   RO         5251    i.Control_IsFillComplete  ctrl_logic.o
    0x08000a3a   0x08000a3a   0x00000002   PAD
    0x08000a3c   0x08000a3c   0x00000030   Code   RO         5320    i.Control_ManualMode  ctrl_manual.o
    0x08000a6c   0x08000a6c   0x00000048   Code   RO         5252    i.Control_Run       ctrl_logic.o
    0x08000ab4   0x08000ab4   0x0000007c   Code   RO         5253    i.Control_Safety    ctrl_logic.o
    0x08000b30   0x08000b30   0x000000a8   Code   RO         5354    i.Control_UpdateLEDs  ctrl_output.o
    0x08000bd8   0x08000bd8   0x000000a4   Code   RO         5355    i.Control_UpdateOutputs  ctrl_output.o
    0x08000c7c   0x08000c7c   0x00000024   Code   RO         5254    i.Control_UpdateProcessValue  ctrl_logic.o
    0x08000ca0   0x08000ca0   0x00000014   Code   RO          505    i.DMA1_Channel3_IRQHandler  stm32f1xx_it.o
    0x08000cb4   0x08000cb4   0x0000002a   Code   RO         2044    i.DMA_SetConfig     stm32f1xx_hal_dma.o
    0x08000cde   0x08000cde   0x00000002   Code   RO          506    i.DebugMon_Handler  stm32f1xx_it.o
    0x08000ce0   0x08000ce0   0x00000010   Code   RO         5469    i.Disp_Init         bsp_display.o
    0x08000cf0   0x08000cf0   0x000000e4   Code   RO         5470    i.Disp_ScanISR      bsp_display.o
    0x08000dd4   0x08000dd4   0x000000a8   Code   RO         5471    i.Disp_SetFloat     bsp_display.o
    0x08000e7c   0x08000e7c   0x00000008   Code   RO          507    i.EXTI15_10_IRQHandler  stm32f1xx_it.o
    0x08000e84   0x08000e84   0x00000004   Code   RO           13    i.Error_Handler     main.o
    0x08000e88   0x08000e88   0x00000046   Code   RO         2045    i.HAL_DMA_Abort     stm32f1xx_hal_dma.o
    0x08000ece   0x08000ece   0x00000002   PAD
    0x08000ed0   0x08000ed0   0x00000130   Code   RO         2046    i.HAL_DMA_Abort_IT  stm32f1xx_hal_dma.o
    0x08001000   0x08001000   0x00000248   Code   RO         2050    i.HAL_DMA_IRQHandler  stm32f1xx_hal_dma.o
    0x08001248   0x08001248   0x0000007c   Code   RO         2051    i.HAL_DMA_Init      stm32f1xx_hal_dma.o
    0x080012c4   0x080012c4   0x00000070   Code   RO         2055    i.HAL_DMA_Start_IT  stm32f1xx_hal_dma.o
    0x08001334   0x08001334   0x00000024   Code   RO         1671    i.HAL_Delay         stm32f1xx_hal.o
    0x08001358   0x08001358   0x0000000c   Code   RO           14    i.HAL_GPIO_EXTI_Callback  main.o
    0x08001364   0x08001364   0x00000018   Code   RO         1980    i.HAL_GPIO_EXTI_IRQHandler  stm32f1xx_hal_gpio.o
    0x0800137c   0x0800137c   0x000001f8   Code   RO         1981    i.HAL_GPIO_Init     stm32f1xx_hal_gpio.o
    0x08001574   0x08001574   0x0000000a   Code   RO         1983    i.HAL_GPIO_ReadPin  stm32f1xx_hal_gpio.o
    0x0800157e   0x0800157e   0x0000000a   Code   RO         1985    i.HAL_GPIO_WritePin  stm32f1xx_hal_gpio.o
    0x08001588   0x08001588   0x0000000c   Code   RO         1675    i.HAL_GetTick       stm32f1xx_hal.o
    0x08001594   0x08001594   0x00000010   Code   RO         1681    i.HAL_IncTick       stm32f1xx_hal.o
    0x080015a4   0x080015a4   0x00000024   Code   RO         1682    i.HAL_Init          stm32f1xx_hal.o
    0x080015c8   0x080015c8   0x00000098   Code   RO          616    i.HAL_InitTick      stm32f1xx_hal_timebase_tim.o
    0x08001660   0x08001660   0x00000048   Code   RO          592    i.HAL_MspInit       stm32f1xx_hal_msp.o
    0x080016a8   0x080016a8   0x0000001a   Code   RO         2141    i.HAL_NVIC_EnableIRQ  stm32f1xx_hal_cortex.o
    0x080016c2   0x080016c2   0x00000002   PAD
    0x080016c4   0x080016c4   0x00000040   Code   RO         2147    i.HAL_NVIC_SetPriority  stm32f1xx_hal_cortex.o
    0x08001704   0x08001704   0x00000024   Code   RO         2148    i.HAL_NVIC_SetPriorityGrouping  stm32f1xx_hal_cortex.o
    0x08001728   0x08001728   0x0000012c   Code   RO         1839    i.HAL_RCC_ClockConfig  stm32f1xx_hal_rcc.o
    0x08001854   0x08001854   0x00000040   Code   RO         1843    i.HAL_RCC_GetClockConfig  stm32f1xx_hal_rcc.o
    0x08001894   0x08001894   0x00000020   Code   RO         1846    i.HAL_RCC_GetPCLK1Freq  stm32f1xx_hal_rcc.o
    0x080018b4   0x080018b4   0x00000020   Code   RO         1847    i.HAL_RCC_GetPCLK2Freq  stm32f1xx_hal_rcc.o
    0x080018d4   0x080018d4   0x0000004c   Code   RO         1848    i.HAL_RCC_GetSysClockFreq  stm32f1xx_hal_rcc.o
    0x08001920   0x08001920   0x00000320   Code   RO         1851    i.HAL_RCC_OscConfig  stm32f1xx_hal_rcc.o
    0x08001c40   0x08001c40   0x000000b2   Code   RO         2652    i.HAL_SPI_Init      stm32f1xx_hal_spi.o
    0x08001cf2   0x08001cf2   0x00000002   PAD
    0x08001cf4   0x08001cf4   0x00000074   Code   RO          379    i.HAL_SPI_MspInit   spi.o
    0x08001d68   0x08001d68   0x000001f0   Code   RO         2661    i.HAL_SPI_TransmitReceive  stm32f1xx_hal_spi.o
    0x08001f58   0x08001f58   0x00000002   Code   RO         1397    i.HAL_TIMEx_BreakCallback  stm32f1xx_hal_tim_ex.o
    0x08001f5a   0x08001f5a   0x00000002   Code   RO         1398    i.HAL_TIMEx_CommutCallback  stm32f1xx_hal_tim_ex.o
    0x08001f5c   0x08001f5c   0x0000007c   Code   RO         1416    i.HAL_TIMEx_MasterConfigSynchronization  stm32f1xx_hal_tim_ex.o
    0x08001fd8   0x08001fd8   0x0000005a   Code   RO          693    i.HAL_TIM_Base_Init  stm32f1xx_hal_tim.o
    0x08002032   0x08002032   0x00000002   PAD
    0x08002034   0x08002034   0x0000003c   Code   RO          421    i.HAL_TIM_Base_MspInit  tim.o
    0x08002070   0x08002070   0x0000006c   Code   RO          698    i.HAL_TIM_Base_Start_IT  stm32f1xx_hal_tim.o
    0x080020dc   0x080020dc   0x000000dc   Code   RO          702    i.HAL_TIM_ConfigClockSource  stm32f1xx_hal_tim.o
    0x080021b8   0x080021b8   0x00000002   Code   RO          727    i.HAL_TIM_IC_CaptureCallback  stm32f1xx_hal_tim.o
    0x080021ba   0x080021ba   0x00000130   Code   RO          741    i.HAL_TIM_IRQHandler  stm32f1xx_hal_tim.o
    0x080022ea   0x080022ea   0x00000002   Code   RO          744    i.HAL_TIM_OC_DelayElapsedCallback  stm32f1xx_hal_tim.o
    0x080022ec   0x080022ec   0x00000002   Code   RO          771    i.HAL_TIM_PWM_PulseFinishedCallback  stm32f1xx_hal_tim.o
    0x080022ee   0x080022ee   0x00000002   PAD
    0x080022f0   0x080022f0   0x0000004c   Code   RO           15    i.HAL_TIM_PeriodElapsedCallback  main.o
    0x0800233c   0x0800233c   0x00000002   Code   RO          784    i.HAL_TIM_TriggerCallback  stm32f1xx_hal_tim.o
    0x0800233e   0x0800233e   0x00000002   Code   RO         2975    i.HAL_UARTEx_RxEventCallback  stm32f1xx_hal_uart.o
    0x08002340   0x08002340   0x00000002   Code   RO         2989    i.HAL_UART_ErrorCallback  stm32f1xx_hal_uart.o
    0x08002342   0x08002342   0x00000002   PAD
    0x08002344   0x08002344   0x0000026c   Code   RO         2992    i.HAL_UART_IRQHandler  stm32f1xx_hal_uart.o
    0x080025b0   0x080025b0   0x00000064   Code   RO         2993    i.HAL_UART_Init     stm32f1xx_hal_uart.o
    0x08002614   0x08002614   0x000000b4   Code   RO          463    i.HAL_UART_MspInit  usart.o
    0x080026c8   0x080026c8   0x0000001c   Code   RO         2997    i.HAL_UART_Receive_DMA  stm32f1xx_hal_uart.o
    0x080026e4   0x080026e4   0x00000002   Code   RO         2999    i.HAL_UART_RxCpltCallback  stm32f1xx_hal_uart.o
    0x080026e6   0x080026e6   0x00000002   Code   RO         3000    i.HAL_UART_RxHalfCpltCallback  stm32f1xx_hal_uart.o
    0x080026e8   0x080026e8   0x000000a0   Code   RO         3001    i.HAL_UART_Transmit  stm32f1xx_hal_uart.o
    0x08002788   0x08002788   0x00000002   Code   RO         3004    i.HAL_UART_TxCpltCallback  stm32f1xx_hal_uart.o
    0x0800278a   0x0800278a   0x00000002   Code   RO          508    i.HardFault_Handler  stm32f1xx_it.o
    0x0800278c   0x0800278c   0x00000040   Code   RO         5511    i.Key_Init          bsp_key.o
    0x080027cc   0x080027cc   0x00000014   Code   RO         5512    i.Key_ON            bsp_key.o
    0x080027e0   0x080027e0   0x000000bc   Code   RO         5513    i.Key_ScanTick      bsp_key.o
    0x0800289c   0x0800289c   0x0000001c   Code   RO         5514    i.Key_WasPressed    bsp_key.o
    0x080028b8   0x080028b8   0x0000001c   Code   RO         5516    i.Key_WasRepeated   bsp_key.o
    0x080028d4   0x080028d4   0x00000018   Code   RO         5568    i.LED_Off           bsp_output.o
    0x080028ec   0x080028ec   0x00000018   Code   RO         5569    i.LED_On            bsp_output.o
    0x08002904   0x08002904   0x0000000a   Code   RO         5356    i.LedWrite          ctrl_output.o
    0x0800290e   0x0800290e   0x00000002   PAD
    0x08002910   0x08002910   0x0000002c   Code   RO          354    i.MX_DMA_Init       dma.o
    0x0800293c   0x0800293c   0x00000108   Code   RO          245    i.MX_GPIO_Init      gpio.o
    0x08002a44   0x08002a44   0x00000048   Code   RO          380    i.MX_SPI2_Init      spi.o
    0x08002a8c   0x08002a8c   0x00000068   Code   RO          422    i.MX_TIM3_Init      tim.o
    0x08002af4   0x08002af4   0x00000038   Code   RO          464    i.MX_USART3_UART_Init  usart.o
    0x08002b2c   0x08002b2c   0x00000044   Code   RO         5321    i.Manual_Idle       ctrl_manual.o
    0x08002b70   0x08002b70   0x0000004c   Code   RO         5322    i.Manual_Run        ctrl_manual.o
    0x08002bbc   0x08002bbc   0x00000002   Code   RO          509    i.MemManage_Handler  stm32f1xx_it.o
    0x08002bbe   0x08002bbe   0x00000002   Code   RO          510    i.NMI_Handler       stm32f1xx_it.o
    0x08002bc0   0x08002bc0   0x00000018   Code   RO         5571    i.Out_Reset         bsp_output.o
    0x08002bd8   0x08002bd8   0x00000018   Code   RO         5572    i.Out_Set           bsp_output.o
    0x08002bf0   0x08002bf0   0x00000026   Code   RO         5574    i.Output_Init       bsp_output.o
    0x08002c16   0x08002c16   0x00000002   PAD
    0x08002c18   0x08002c18   0x0000000c   Code   RO         5640    i.RS485_ClearFrameFlag  bsp_rs485.o
    0x08002c24   0x08002c24   0x0000000c   Code   RO         5641    i.RS485_FrameAvailable  bsp_rs485.o
    0x08002c30   0x08002c30   0x00000040   Code   RO         5642    i.RS485_Init        bsp_rs485.o
    0x08002c70   0x08002c70   0x00000024   Code   RO         5643    i.RS485_OnUartIrq   bsp_rs485.o
    0x08002c94   0x08002c94   0x00000034   Code   RO         5644    i.RS485_Read        bsp_rs485.o
    0x08002cc8   0x08002cc8   0x00000064   Code   RO         5645    i.RS485_SendBlocking  bsp_rs485.o
    0x08002d2c   0x08002d2c   0x00000010   Code   RO         5575    i.RS485_SetRx       bsp_output.o
    0x08002d3c   0x08002d3c   0x00000034   Code   RO         2690    i.SPI_EndRxTxTransaction  stm32f1xx_hal_spi.o
    0x08002d70   0x08002d70   0x000000b8   Code   RO         2695    i.SPI_WaitFlagStateUntilTimeout  stm32f1xx_hal_spi.o
    0x08002e28   0x08002e28   0x00000044   Code   RO         5357    i.ShowDrainDir      ctrl_output.o
    0x08002e6c   0x08002e6c   0x00000048   Code   RO         5358    i.ShowManualMode    ctrl_output.o
    0x08002eb4   0x08002eb4   0x0000004c   Code   RO         5359    i.ShowSpeed         ctrl_output.o
    0x08002f00   0x08002f00   0x0000001a   Code   RO         5401    i.Speed_AutoAdjust  ctrl_speed.o
    0x08002f1a   0x08002f1a   0x0000001a   Code   RO         4474    i.SysTick_Handler   cmsis_os2.o
    0x08002f34   0x08002f34   0x0000005e   Code   RO           16    i.SystemClock_Config  main.o
    0x08002f92   0x08002f92   0x00000002   Code   RO         3327    i.SystemInit        system_stm32f1xx.o
    0x08002f94   0x08002f94   0x0000002c   Code   RO         5216    i.SystemState_Init  app_state.o
    0x08002fc0   0x08002fc0   0x0000000c   Code   RO          511    i.TIM3_IRQHandler   stm32f1xx_it.o
    0x08002fcc   0x08002fcc   0x0000000c   Code   RO          512    i.TIM6_IRQHandler   stm32f1xx_it.o
    0x08002fd8   0x08002fd8   0x0000009c   Code   RO          786    i.TIM_Base_SetConfig  stm32f1xx_hal_tim.o
    0x08003074   0x08003074   0x00000014   Code   RO          797    i.TIM_ETR_SetConfig  stm32f1xx_hal_tim.o
    0x08003088   0x08003088   0x00000010   Code   RO          798    i.TIM_ITRx_SetConfig  stm32f1xx_hal_tim.o
    0x08003098   0x08003098   0x00000022   Code   RO          804    i.TIM_TI1_ConfigInputStage  stm32f1xx_hal_tim.o
    0x080030ba   0x080030ba   0x00000024   Code   RO          806    i.TIM_TI2_ConfigInputStage  stm32f1xx_hal_tim.o
    0x080030de   0x080030de   0x00000002   PAD
    0x080030e0   0x080030e0   0x0000000c   Code   RO         5708    i.TM7705_DrdyIRQ    bsp_tm7705.o
    0x080030ec   0x080030ec   0x00000040   Code   RO         5709    i.TM7705_Init       bsp_tm7705.o
    0x0800312c   0x0800312c   0x00000032   Code   RO         5710    i.TM7705_ReadCode   bsp_tm7705.o
    0x0800315e   0x0800315e   0x00000002   PAD
    0x08003160   0x08003160   0x00000050   Code   RO         5711    i.TM7705_WaitReady  bsp_tm7705.o
    0x080031b0   0x080031b0   0x00000010   Code   RO         3006    i.UART_DMAAbortOnError  stm32f1xx_hal_uart.o
    0x080031c0   0x080031c0   0x0000004a   Code   RO         3007    i.UART_DMAError     stm32f1xx_hal_uart.o
    0x0800320a   0x0800320a   0x00000086   Code   RO         3008    i.UART_DMAReceiveCplt  stm32f1xx_hal_uart.o
    0x08003290   0x08003290   0x0000001e   Code   RO         3010    i.UART_DMARxHalfCplt  stm32f1xx_hal_uart.o
    0x080032ae   0x080032ae   0x0000004e   Code   RO         3016    i.UART_EndRxTransfer  stm32f1xx_hal_uart.o
    0x080032fc   0x080032fc   0x0000001c   Code   RO         3017    i.UART_EndTxTransfer  stm32f1xx_hal_uart.o
    0x08003318   0x08003318   0x000000c2   Code   RO         3018    i.UART_Receive_IT   stm32f1xx_hal_uart.o
    0x080033da   0x080033da   0x00000002   PAD
    0x080033dc   0x080033dc   0x000000b8   Code   RO         3019    i.UART_SetConfig    stm32f1xx_hal_uart.o
    0x08003494   0x08003494   0x00000090   Code   RO         3020    i.UART_Start_Receive_DMA  stm32f1xx_hal_uart.o
    0x08003524   0x08003524   0x00000072   Code   RO         3022    i.UART_WaitOnFlagUntilTimeout  stm32f1xx_hal_uart.o
    0x08003596   0x08003596   0x00000002   PAD
    0x08003598   0x08003598   0x00000014   Code   RO          513    i.USART3_IRQHandler  stm32f1xx_it.o
    0x080035ac   0x080035ac   0x00000002   Code   RO          514    i.UsageFault_Handler  stm32f1xx_it.o
    0x080035ae   0x080035ae   0x00000002   PAD
    0x080035b0   0x080035b0   0x00000014   Code   RO         5416    i.Weight_Init       measure_weight.o
    0x080035c4   0x080035c4   0x00000010   Code   RO         5255    i.Weight_NetFastKg  ctrl_logic.o
    0x080035d4   0x080035d4   0x0000000c   Code   RO         5417    i.Weight_TareNow    measure_weight.o
    0x080035e0   0x080035e0   0x0000004c   Code   RO         5418    i.Weight_UpdateFromTM7705  measure_weight.o
    0x0800362c   0x0800362c   0x00000026   Code   RO         5837    i.__ARM_fpclassifyf  m_ws.l(fpclassifyf.o)
    0x08003652   0x08003652   0x00000020   Code   RO         2154    i.__NVIC_SetPriority  stm32f1xx_hal_cortex.o
    0x08003672   0x08003672   0x0000000a   Code   RO         5839    i.__mathlib_flt_divzero  m_ws.l(funder.o)
    0x0800367c   0x0800367c   0x00000004   Code   RO         5841    i.__mathlib_flt_infnan2  m_ws.l(funder.o)
    0x08003680   0x08003680   0x00000008   Code   RO         5842    i.__mathlib_flt_invalid  m_ws.l(funder.o)
    0x08003688   0x08003688   0x0000000a   Code   RO         5843    i.__mathlib_flt_overflow  m_ws.l(funder.o)
    0x08003692   0x08003692   0x0000000a   Code   RO         5845    i.__mathlib_flt_underflow  m_ws.l(funder.o)
    0x0800369c   0x0800369c   0x0000002c   Code   RO         5129    i.acc_drop          app_comm.o
    0x080036c8   0x080036c8   0x00000014   Code   RO         5256    i.clamp_set_value   ctrl_logic.o
    0x080036dc   0x080036dc   0x0000005c   Code   RO         5419    i.code_to_abs_kg    measure_weight.o
    0x08003738   0x08003738   0x00000034   Code   RO         5130    i.crc16_modbus      app_comm.o
    0x0800376c   0x0800376c   0x0000001c   Code   RO         5712    i.drdy_is_low       bsp_tm7705.o
    0x08003788   0x08003788   0x00000020   Code   RO         5257    i.is_system_running  ctrl_logic.o
    0x080037a8   0x080037a8   0x00000064   Code   RO           17    i.main              main.o
    0x0800380c   0x0800380c   0x00000620   Code   RO         5808    i.powf              m_ws.l(powf.o)
    0x08003e2c   0x08003e2c   0x00000020   Code   RO         3941    i.prvResetNextTaskUnblockTime  tasks.o
    0x08003e4c   0x08003e4c   0x00000030   Code   RO         5646    i.rb_push           bsp_rs485.o
    0x08003e7c   0x08003e7c   0x00000058   Code   RO         5647    i.rs485_rx_check_dma_and_push  bsp_rs485.o
    0x08003ed4   0x08003ed4   0x0000003a   Code   RO         5131    i.send_with_crc     app_comm.o
    0x08003f0e   0x08003f0e   0x00000002   PAD
    0x08003f10   0x08003f10   0x00000054   Code   RO         5420    i.slow_avg          measure_weight.o
    0x08003f64   0x08003f64   0x00000024   Code   RO         5713    i.spi_txrx          bsp_tm7705.o
    0x08003f88   0x08003f88   0x00000026   Code   RO         3492    i.uxListRemove      list.o
    0x08003fae   0x08003fae   0x00000018   Code   RO         3496    i.vListInsertEnd    list.o
    0x08003fc6   0x08003fc6   0x00000002   PAD
    0x08003fc8   0x08003fc8   0x00000064   Code   RO         3974    i.vTaskSwitchContext  tasks.o
    0x0800402c   0x0800402c   0x0000002c   Code   RO         5057    i.xPortSysTickHandler  port.o
    0x08004058   0x08004058   0x0000001c   Code   RO         3982    i.xTaskGetSchedulerState  tasks.o
    0x08004074   0x08004074   0x000000c8   Code   RO         3985    i.xTaskIncrementTick  tasks.o
    0x0800413c   0x0800413c   0x000000c4   Code   RO         5777    x$fpl$fadd          fz_ws.l(faddsub_clz.o)
    0x08004200   0x08004200   0x0000000c   Code   RO         5873    x$fpl$fcheck1       fz_ws.l(fcheck1.o)
    0x0800420c   0x0800420c   0x00000018   Code   RO         5826    x$fpl$fcmpinf       fz_ws.l(fcmpi.o)
    0x08004224   0x08004224   0x00000184   Code   RO         5784    x$fpl$fdiv          fz_ws.l(fdiv.o)
    0x080043a8   0x080043a8   0x00000036   Code   RO         5787    x$fpl$ffix          fz_ws.l(ffix.o)
    0x080043de   0x080043de   0x00000002   PAD
    0x080043e0   0x080043e0   0x00000052   Code   RO         5788    x$fpl$ffixr         fz_ws.l(ffix.o)
    0x08004432   0x08004432   0x00000002   PAD
    0x08004434   0x08004434   0x0000003e   Code   RO         5791    x$fpl$ffixu         fz_ws.l(ffixu.o)
    0x08004472   0x08004472   0x00000002   PAD
    0x08004474   0x08004474   0x00000030   Code   RO         5796    x$fpl$fflt          fz_ws.l(fflt_clz.o)
    0x080044a4   0x080044a4   0x00000026   Code   RO         5795    x$fpl$ffltu         fz_ws.l(fflt_clz.o)
    0x080044ca   0x080044ca   0x00000002   PAD
    0x080044cc   0x080044cc   0x00000068   Code   RO         5801    x$fpl$fleqf         fz_ws.l(fleqf.o)
    0x08004534   0x08004534   0x00000102   Code   RO         5803    x$fpl$fmul          fz_ws.l(fmul.o)
    0x08004636   0x08004636   0x0000008c   Code   RO         5828    x$fpl$fnaninf       fz_ws.l(fnaninf.o)
    0x080046c2   0x080046c2   0x0000000a   Code   RO         5830    x$fpl$fretinf       fz_ws.l(fretinf.o)
    0x080046cc   0x080046cc   0x00000062   Code   RO         5805    x$fpl$frleqf        fz_ws.l(frleqf.o)
    0x0800472e   0x0800472e   0x00000014   Code   RO         5778    x$fpl$frsb          fz_ws.l(faddsub_clz.o)
    0x08004742   0x08004742   0x00000002   PAD
    0x08004744   0x08004744   0x000000ea   Code   RO         5779    x$fpl$fsub          fz_ws.l(faddsub_clz.o)
    0x0800482e   0x0800482e   0x00000064   Code   RO         5888    x$fpl$retnan        fz_ws.l(retnan.o)
    0x08004892   0x08004892   0x0000004c   Code   RO         5834    x$fpl$scalbnf       fz_ws.l(scalbnf.o)
    0x080048de   0x080048de   0x00000030   Code   RO         5937    x$fpl$trapveneer    fz_ws.l(trapv.o)
    0x0800490e   0x0800490e   0x00000000   Code   RO         5836    x$fpl$usenofp       fz_ws.l(usenofp.o)
    0x0800490e   0x0800490e   0x00000012   Data   RO         1852    .constdata          stm32f1xx_hal_rcc.o
    0x08004920   0x08004920   0x00000010   Data   RO         3328    .constdata          system_stm32f1xx.o
    0x08004930   0x08004930   0x00000008   Data   RO         3329    .constdata          system_stm32f1xx.o
    0x08004938   0x08004938   0x0000000a   Data   RO         5472    .constdata          bsp_display.o
    0x08004942   0x08004942   0x00000002   PAD
    0x08004944   0x08004944   0x00000063   Data   RO         5518    .constdata          bsp_key.o
    0x080049a7   0x080049a7   0x00000001   PAD
    0x080049a8   0x080049a8   0x00000080   Data   RO         5577    .constdata          bsp_output.o
    0x08004a28   0x08004a28   0x00000140   Data   RO         5809    .constdata          m_ws.l(powf.o)
    0x08004b68   0x08004b68   0x00000020   Data   RO         6016    Region$$Table       anon$$obj.o


    Execution Region RW_IRAM1 (Exec base: 0x20000000, Load base: 0x08004b88, Size: 0x00001098, Max: 0x0000c000, ABSOLUTE)

    Exec Addr    Load Addr    Size         Type   Attr      Idx    E Section Name        Object

    0x20000000   0x08004b88   0x00000004   Data   RW           18    .data               main.o
    0x20000004   0x08004b8c   0x0000000c   Data   RW         1689    .data               stm32f1xx_hal.o
    0x20000010   0x08004b98   0x00000004   Data   RW         3330    .data               system_stm32f1xx.o
    0x20000014   0x08004b9c   0x0000003c   Data   RW         3994    .data               tasks.o
    0x20000050   0x08004bd8   0x00000002   Data   RW         5133    .data               app_comm.o
    0x20000052   0x08004bda   0x00000007   Data   RW         5184    .data               app_diaplay.o
    0x20000059   0x08004be1   0x00000003   PAD
    0x2000005c   0x08004be4   0x0000001c   Data   RW         5217    .data               app_state.o
    0x20000078   0x08004c00   0x00000002   Data   RW         5258    .data               ctrl_logic.o
    0x2000007a   0x08004c02   0x00000002   PAD
    0x2000007c   0x08004c04   0x0000000c   Data   RW         5422    .data               measure_weight.o
    0x20000088   0x08004c10   0x00000008   Data   RW         5649    .data               bsp_rs485.o
    0x20000090   0x08004c18   0x00000001   Data   RW         5714    .data               bsp_tm7705.o
    0x20000091   0x08004c19   0x00000003   PAD
    0x20000094        -       0x00000058   Zero   RW          381    .bss                spi.o
    0x200000ec        -       0x00000048   Zero   RW          423    .bss                tim.o
    0x20000134        -       0x0000008c   Zero   RW          465    .bss                usart.o
    0x200001c0        -       0x00000048   Zero   RW          619    .bss                stm32f1xx_hal_timebase_tim.o
    0x20000208        -       0x000004c4   Zero   RW         3993    .bss                tasks.o
    0x200006cc        -       0x00000100   Zero   RW         5132    .bss                app_comm.o
    0x200007cc        -       0x00000090   Zero   RW         5421    .bss                measure_weight.o
    0x2000085c        -       0x00000058   Zero   RW         5517    .bss                bsp_key.o
    0x200008b4        -       0x00000180   Zero   RW         5648    .bss                bsp_rs485.o
    0x20000a34        -       0x00000060   Zero   RW         5876    .bss                c_w.l(libspace.o)
    0x20000a94   0x08004c19   0x00000004   PAD
    0x20000a98        -       0x00000200   Zero   RW            2    HEAP                startup_stm32f103xe.o
    0x20000c98        -       0x00000400   Zero   RW            1    STACK               startup_stm32f103xe.o


==============================================================================

Image component sizes


      Code (inc. data)   RO Data    RW Data    ZI Data      Debug   Object Name

       686         40          0          2        256       7201   app_comm.o
       128         18          0          7          0       1870   app_diaplay.o
        44          4          0         28          0       1880   app_state.o
       412         18         10          0          0       2775   bsp_display.o
       328         30         99          0         88       3742   bsp_key.o
       150         28        128          0          0       3297   bsp_output.o
       412         74          0          8        384       5268   bsp_rs485.o
       270         20          0          1          0       4264   bsp_tm7705.o
        26          0          0          0          0        570   cmsis_os2.o
       216         16          0          0          0        743   ctrl_auto.o
       638         54          0          2          0       5889   ctrl_logic.o
       192         16          0          0          0       1837   ctrl_manual.o
       558         38          0          0          0       4081   ctrl_output.o
        26          0          0          0          0        623   ctrl_speed.o
        44          4          0          0          0        730   dma.o
         0          0          0          0          0      15468   event_groups.o
       264         20          0          0          0        983   gpio.o
        62          0          0          0          0       1612   list.o
       286         22          0          4          0     505058   main.o
       284         38          0         12        144       4288   measure_weight.o
       194         18          0          0          0       3494   port.o
       188         22          0          0         88       1597   spi.o
        64         26        304          0       1536        796   startup_stm32f103xe.o
       100         18          0         12          0       5758   stm32f1xx_hal.o
       158         14          0          0          0      28122   stm32f1xx_hal_cortex.o
      1236         52          0          0          0       5022   stm32f1xx_hal_dma.o
       548         48          0          0          0       4050   stm32f1xx_hal_gpio.o
        72         10          0          0          0        842   stm32f1xx_hal_msp.o
      1304         94         18          0          0       5645   stm32f1xx_hal_rcc.o
       910          4          0          0          0       4597   stm32f1xx_hal_spi.o
       992         42          0          0          0       9673   stm32f1xx_hal_tim.o
       128         20          0          0          0       2345   stm32f1xx_hal_tim_ex.o
       152         20          0          0         72       1435   stm32f1xx_hal_timebase_tim.o
      1914         24          0          0          0      14330   stm32f1xx_hal_uart.o
        84         20          0          0          0       4711   stm32f1xx_it.o
         2          0         24          4          0       1071   system_stm32f1xx.o
       360         30          0         60       1220      10325   tasks.o
       164         18          0          0         72       1606   tim.o
       236         30          0          0        140       1733   usart.o

    ----------------------------------------------------------------------
     13868        950        618        148       4000     679331   Object Totals
         0          0         32          0          0          0   (incl. Generated)
        36          0          3          8          0          0   (incl. Padding)

    ----------------------------------------------------------------------

      Code (inc. data)   RO Data    RW Data    ZI Data      Debug   Library Member Name

         8          0          0          0          0         68   __main.o
         0          0          0          0          0          0   __rtentry.o
        12          0          0          0          0          0   __rtentry2.o
         6          0          0          0          0          0   __rtentry4.o
        52          8          0          0          0          0   __scatter.o
        26          0          0          0          0          0   __scatter_copy.o
        28          0          0          0          0          0   __scatter_zi.o
        22          0          0          0          0        100   _rserrno.o
        18          0          0          0          0         80   exit.o
         6          0          0          0          0        152   heapauxi.o
         0          0          0          0          0          0   indicate_semi.o
         2          0          0          0          0          0   libinit.o
         2          0          0          0          0          0   libinit2.o
         2          0          0          0          0          0   libshutdown.o
         2          0          0          0          0          0   libshutdown2.o
         8          4          0          0         96         68   libspace.o
         8          4          0          0          0         68   rt_errno_addr_intlibspace.o
        78          0          0          0          0         80   rt_memclr_w.o
       138          0          0          0          0         68   rt_memcpy_v6.o
       100          0          0          0          0         80   rt_memcpy_w.o
       132          0          0          0          0         68   rt_memmove_v6.o
       122          0          0          0          0         80   rt_memmove_w.o
         2          0          0          0          0          0   rtexit.o
        10          0          0          0          0          0   rtexit2.o
        12          4          0          0          0         68   sys_exit.o
        74          0          0          0          0         80   sys_stackheap_outer.o
         2          0          0          0          0         68   use_no_semi.o
       450          8          0          0          0        236   faddsub_clz.o
        12          4          0          0          0         68   fcheck1.o
        24          0          0          0          0         68   fcmpi.o
       388         76          0          0          0         96   fdiv.o
       136          8          0          0          0        168   ffix.o
        62          4          0          0          0         84   ffixu.o
        86          0          0          0          0        136   fflt_clz.o
       104          4          0          0          0         84   fleqf.o
       258          4          0          0          0         84   fmul.o
       140          4          0          0          0         84   fnaninf.o
        10          0          0          0          0         68   fretinf.o
        98          0          0          0          0         68   frleqf.o
       100          0          0          0          0         68   retnan.o
        76          0          0          0          0         68   scalbnf.o
        48          0          0          0          0         68   trapv.o
         0          0          0          0          0          0   usenofp.o
        38          0          0          0          0         68   fpclassifyf.o
        42          0          0          0          0        340   funder.o
      1568         80        320          0          0        224   powf.o

    ----------------------------------------------------------------------
      4530        212        320          0        100       3208   Library Totals
        18          0          0          0          4          0   (incl. Padding)

    ----------------------------------------------------------------------

      Code (inc. data)   RO Data    RW Data    ZI Data      Debug   Library Name

       872         20          0          0         96       1128   c_w.l
      1992        112          0          0          0       1448   fz_ws.l
      1648         80        320          0          0        632   m_ws.l

    ----------------------------------------------------------------------
      4530        212        320          0        100       3208   Library Totals

    ----------------------------------------------------------------------

==============================================================================


      Code (inc. data)   RO Data    RW Data    ZI Data      Debug   

     18398       1162        938        148       4100     672499   Grand Totals
     18398       1162        938        148       4100     672499   ELF Image Totals
     18398       1162        938        148          0          0   ROM Totals

==============================================================================

    Total RO  Size (Code + RO Data)                19336 (  18.88kB)
    Total RW  Size (RW Data + ZI Data)              4248 (   4.15kB)
    Total ROM Size (Code + RO Data + RW Data)      19484 (  19.03kB)

==============================================================================

